
==============================================================================
χ_{-4} / first zero (t≈6.021)    (mod 4)
==============================================================================
refined t = 6.020948904697596654902512
|L(ρ,χ)| at refined zero = 5.38713e-51  (should be ~10^{-25} or smaller)
2ρ = (1.0 + 12.04189780939519330980502j)

(1/2) log L(2ρ, ψ_prim, conductor 1) = (0.0447636112273484728 - 0.250192356934735681j)
BPC1 (imprimitive correction) = (0.136033769214703492 + 0.171107200827871841j)
BPC2 (log-expansion residue) = (-0.00514004942103015247 + 0.0455946188412942427j)
T_≥3 (k≥3 absolutely conv. tail) = (-0.0454828647439652737 + 0.0253603242126603029j)

RHS  = (1/2)logL + BPC1 + BPC2 + T≥3  = (0.130174466277056539 - 0.00813021305290929461j)

  K       T_K (direct sum)                                     |T_K - RHS|
     200000  (0.132289726130301667 - 0.0107502639401916978j)         0.00336734
    1000000  (0.130630234900612165 - 0.0111158124318878449j)         0.00302019
    2000000  (0.127497552386975119 - 0.00715300691589226657j)        0.0028497

|B_{K=2000000}| = |exp(T_K)| = 1.1359821
|B_K|·ζ(2)        = 1.8686156

|B_∞| (proxy at K=2000000): 1.13598
  k=2 only      |exp(T_k=2)|  = 1.18884
  k=2+3+4 trunc |exp(T_k234)| = 1.13603
  ratio (k234/obs)            = 1.00004

==============================================================================
χ_{-4} / second zero (t≈10.244)    (mod 4)
==============================================================================
refined t = 10.24377030416655455213776
|L(ρ,χ)| at refined zero = 2.75502e-51  (should be ~10^{-25} or smaller)
2ρ = (1.0 + 20.48754060833310910427551j)

(1/2) log L(2ρ, ψ_prim, conductor 1) = (-0.227249168085090921 - 0.362568997932447308j)
BPC1 (imprimitive correction) = (0.0682063711829594165 + 0.225216877461835092j)
BPC2 (log-expansion residue) = (0.000501600534144087378 + 0.0111220101972409928j)
T_≥3 (k≥3 absolutely conv. tail) = (0.0752311450225320657 + 0.0433874687899826016j)

RHS  = (1/2)logL + BPC1 + BPC2 + T≥3  = (-0.0833100513454553519 - 0.0828426414833886211j)

  K       T_K (direct sum)                                     |T_K - RHS|
     200000  (-0.0851571200824092753 - 0.0821199849081077885j)       0.00198341
    1000000  (-0.0828098559436836202 - 0.0811106316467499458j)       0.00180279
    2000000  (-0.0817536011193576596 - 0.0834148062329692098j)       0.00165829

|B_{K=2000000}| = |exp(T_K)| = 0.92149899
|B_K|·ζ(2)        = 1.5158051

|B_∞| (proxy at K=2000000): 0.921499
  k=2 only      |exp(T_k=2)|  = 0.854717
  k=2+3+4 trunc |exp(T_k234)| = 0.928918
  ratio (k234/obs)            = 1.00805

==============================================================================
χ_5 / first zero (t≈6.184)    (mod 5)
==============================================================================
refined t = 6.183578195450853914377517
|L(ρ,χ)| at refined zero = 5.414e-51  (should be ~10^{-25} or smaller)
2ρ = (1.0 + 12.36715639090170782875503j)

(1/2) log L(2ρ, ψ_prim, conductor 5) = (-0.0147508479320619923 + 0.436536826300886331j)
BPC1 (imprimitive correction) = (0.0 + 0.0j)
BPC2 (log-expansion residue) = (0.0443550199993152529 - 0.0455768994351971914j)
T_≥3 (k≥3 absolutely conv. tail) = (0.0339791209236365179 - 0.092922426342058082j)

RHS  = (1/2)logL + BPC1 + BPC2 + T≥3  = (0.0635832929908897786 + 0.298037500523631058j)

  K       T_K (direct sum)                                     |T_K - RHS|
     200000  (0.0636676528380295601 + 0.298107207746476263j)         0.000109433
    1000000  (0.0636453193092876358 + 0.298061134765403336j)         6.63765e-5
    2000000  (0.0636211725382636898 + 0.298018355335245598j)         4.24429e-5

|B_{K=2000000}| = |exp(T_K)| = 1.0656886
|B_K|·ζ(2)        = 1.7529875

|B_∞| (proxy at K=2000000): 1.06569
  k=2 only      |exp(T_k=2)|  = 1.03009
  k=2+3+4 trunc |exp(T_k234)| = 1.05876
  ratio (k234/obs)            = 0.993494

==============================================================================
χ_{11} / first zero (t≈3.547)    (mod 11)
==============================================================================
refined t = 3.547041091719450076664476
|L(ρ,χ)| at refined zero = 8.41593e-51  (should be ~10^{-25} or smaller)
2ρ = (1.0 + 7.094082183438900153328953j)

(1/2) log L(2ρ, ψ_prim, conductor 11) = (-0.237709402996748109 + 0.329213247199529939j)
BPC1 (imprimitive correction) = (0.0 + 0.0j)
BPC2 (log-expansion residue) = (-0.0333072518976339621 + 0.0634763074500381774j)
T_≥3 (k≥3 absolutely conv. tail) = (0.0269809295997187178 - 0.0314735119213669329j)

RHS  = (1/2)logL + BPC1 + BPC2 + T≥3  = (-0.244035725294663353 + 0.361216042728201184j)

  K       T_K (direct sum)                                     |T_K - RHS|
     200000  (-0.243892354976766808 + 0.361301433725774651j)         0.000166873
    1000000  (-0.244012563439954494 + 0.361250807252574643j)         4.17737e-5
    2000000  (-0.244004654195629389 + 0.361228080056340475j)         3.33213e-5

|B_{K=2000000}| = |exp(T_K)| = 0.78348399
|B_K|·ζ(2)        = 1.2887795

|B_∞| (proxy at K=2000000): 0.783484
  k=2 only      |exp(T_k=2)|  = 0.762628
  k=2+3+4 trunc |exp(T_k234)| = 0.794826
  ratio (k234/obs)            = 1.01448

==============================================================================
SUMMARY: comparison to Saar 2026-04-16 table
==============================================================================
pair           |B_∞| obs (Saar)   |B_K| ours     k234 (Saar)   k234 ours   ratio ours 
chi_neg4_z1    1.065              1.1360         1.142         1.1360      1.0000     
chi_neg4_z2    0.941              0.9215         0.926         0.9289      1.0081     
chi_5          1.065              1.0657         1.059         1.0588      0.9935     
chi_11         0.784              0.7835         0.795         0.7948      1.0145     
