mpmath dps = 50
================================================================================

=== chi_-4/z1 ===
  rho       = (0.5 + 6.0209489046975966549j)
  L(rho)    = (0.0 + 0.0j)   (numerical zero check)
  L'(rho)   = (1.29649957557 + 0.182765095861j)   |L'|  = 1.309318231
  L''(rho)  = (-1.69704968108 - 0.554017071278j)
  C_1       = (0.520345186608 + 0.0184593234666j)   |C_1| = 0.52067251

=== chi_-4/z2 ===
  rho       = (0.5 + 10.243770304166554552j)
  L(rho)    = (0.0 + 0.0j)   (numerical zero check)
  L'(rho)   = (1.78846703158 - 0.296775909448j)   |L'|  = 1.812923127
  L''(rho)  = (-3.31976746005 + 0.755547930239j)
  C_1       = (0.515088477156 + 0.0543369296679j)   |C_1| = 0.51794656

=== chi_5 ===
  rho       = (0.5 + 6.1835781954508539144j)
  L(rho)    = (1.50849e-51 - 3.64476e-51j)   (numerical zero check)
  L'(rho)   = (1.1129301656 - 0.448830165418j)   |L'|  = 1.200025863
  L''(rho)  = (-1.64297349949 + 1.03510660788j)
  C_1       = (0.660181462151 + 0.136901968223j)   |C_1| = 0.67422675

=== chi_11 ===
  rho       = (0.5 + 3.5470410917194500767j)
  L(rho)    = (-7.1693e-52 + 1.05336e-51j)   (numerical zero check)
  L'(rho)   = (1.69658244002 - 0.250988048971j)   |L'|  = 1.715047223
  L''(rho)  = (-3.12159829448 + 0.261218790667j)
  C_1       = (0.520761471218 + 0.111136689748j)   |C_1| = 0.53248838

Building Möbius sieve to K = 2000000 ...
  done in 0.59s

================================================================================
pair                    K       |c_K - log(K)/L - C1|   predicted O(log K/√K)
================================================================================
chi_-4/z1          200000                    0.134447               0.0272936
chi_-4/z1         1000000                    0.246711               0.0138155
chi_-4/z1         2000000                    0.202297               0.0102592

chi_-4/z2          200000                    0.257279               0.0272936
chi_-4/z2         1000000                    0.119587               0.0138155
chi_-4/z2         2000000                    0.026883               0.0102592

chi_5              200000                    0.245896               0.0272936
chi_5             1000000                    0.387763               0.0138155
chi_5             2000000                    0.374575               0.0102592

chi_11             200000                    0.210102               0.0272936
chi_11            1000000                   0.0834196               0.0138155
chi_11            2000000                    0.115129               0.0102592

================================================================================
Leading-order check:  c_K · L'(rho) / log K  →  1  (rate O(1/log K))
================================================================================
chi_-4/z1       c_K * L'/log K = (1.0300513 - 0.00018475463j)   |ratio - 1| = 0.0300519
chi_-4/z2       c_K * L'/log K = (1.0613691 - 0.0029396403j)   |ratio - 1| = 0.0614395
chi_5           c_K * L'/log K = (1.0596595 - 0.040531478j)   |ratio - 1| = 0.0721253
chi_11          c_K * L'/log K = (1.0726769 - 0.0053945838j)   |ratio - 1| = 0.0728769
