[RSS=0.01GB free=12.55GB] Building sieve up to NMAX = 1,000,000,000
[RSS=3.22GB free=12.09GB] sieve done in 51.8s, mu.nbytes/1e9=1.00
[RSS=8.30GB free=10.33GB] cumsum done in 5.6s, M.nbytes/1e9=4.00
[RSS=8.29GB free=10.33GB] freed mu

[OEIS A084237 cross-check]
M[         1] =      1  (OEIS A084237:      1)  OK
M[        10] =     -1  (OEIS A084237:     -1)  OK
M[       100] =      1  (OEIS A084237:      1)  OK
M[      1000] =      2  (OEIS A084237:      2)  OK
M[     10000] =    -23  (OEIS A084237:    -23)  OK
M[    100000] =    -48  (OEIS A084237:    -48)  OK
M[   1000000] =    212  (OEIS A084237:    212)  OK
M[  10000000] =   1037  (OEIS A084237:   1037)  OK
M[ 100000000] =   1928  (OEIS A084237:   1928)  OK
M[1000000000] =   -222  (OEIS A084237:   -222)  OK

[RSS=8.29GB free=10.33GB] === SWEEP T(N) ===
             N             T(N)         T/logN     logN      sec
            10        -0.687698      -0.298664   2.3026     0.00  [RSS=8.29GB free=10.33GB]
            50        -4.968117      -1.269961   3.9120     0.00  [RSS=8.29GB free=10.33GB]
           100        -3.635866      -0.789518   4.6052     0.00  [RSS=8.29GB free=10.33GB]
           500       -11.333915      -1.823754   6.2146     0.00  [RSS=8.29GB free=10.33GB]
         1,000        -8.193430      -1.186120   6.9078     0.00  [RSS=8.29GB free=10.33GB]
         5,000       -11.471364      -1.346848   8.5172     0.00  [RSS=8.28GB free=10.33GB]
        10,000       -27.147933      -2.947549   9.2103     0.00  [RSS=8.28GB free=10.33GB]
        50,000        -7.029195      -0.649662  10.8198     0.00  [RSS=8.28GB free=10.33GB]
       100,000       -49.015576      -4.257439  11.5129     0.00  [RSS=8.28GB free=10.33GB]
       500,000       -37.867457      -2.885719  13.1224     0.00  [RSS=8.29GB free=10.33GB]
     1,000,000       139.629679      10.106733  13.8155     0.01  [RSS=8.29GB free=10.33GB]
     5,000,000      -479.225974     -31.068238  15.4249     0.02  [RSS=8.28GB free=10.32GB]
    10,000,000       606.725465      37.642503  16.1181     0.04  [RSS=8.30GB free=10.30GB]
    50,000,000      -589.392329     -33.247283  17.7275     0.11  [RSS=8.41GB free=10.27GB]
   100,000,000      1123.070006      60.967888  18.4207     0.12  [RSS=8.41GB free=10.27GB]
   500,000,000     -2242.581345    -111.960462  20.0301     0.49  [RSS=8.36GB free=10.24GB]
 1,000,000,000      -519.632304     -25.074827  20.7233     0.91  [RSS=8.32GB free=10.21GB]

Saved /tmp/sweep_NMAX_1000000000.tsv

[Cross-check at N = 1,000,000,000]
  Block-walk: T = -519.6323042611  (0.9s)
  Direct sum: T = -519.6323042610  (3.5s)
  diff = 4.320e-12
