Building sieve up to 1,000,000,000...
  sieve: 50.8s, RSS=2.31GB
  cumsum: 3.4s, RSS=7.56GB

Scanning T(N) at 195 log-spaced N values...
  N=   100,000: T=      -49.0156, T/sqrt(N)=   -0.1550, |T|/sqrt(N)=    0.1550 (0.00s)
  N=   109,647: T=      -21.4562, T/sqrt(N)=   -0.0648, |T|/sqrt(N)=    0.0648 (0.00s)
  N=   121,618: T=        1.8470, T/sqrt(N)=    0.0053, |T|/sqrt(N)=    0.0053 (0.00s)
  N=   134,896: T=       -6.8449, T/sqrt(N)=   -0.0186, |T|/sqrt(N)=    0.0186 (0.00s)
  N=   149,623: T=      -57.8060, T/sqrt(N)=   -0.1494, |T|/sqrt(N)=    0.1494 (0.00s)
  N=   165,958: T=        7.0733, T/sqrt(N)=    0.0174, |T|/sqrt(N)=    0.0174 (0.00s)
  N=   184,077: T=       -6.6094, T/sqrt(N)=   -0.0154, |T|/sqrt(N)=    0.0154 (0.00s)
  N=   204,173: T=       12.7236, T/sqrt(N)=    0.0282, |T|/sqrt(N)=    0.0282 (0.00s)
  N=   226,464: T=      -50.0417, T/sqrt(N)=   -0.1052, |T|/sqrt(N)=    0.1052 (0.00s)
  N=   251,188: T=      -36.5341, T/sqrt(N)=   -0.0729, |T|/sqrt(N)=    0.0729 (0.00s)
  N=   278,612: T=      -32.6386, T/sqrt(N)=   -0.0618, |T|/sqrt(N)=    0.0618 (0.00s)
  N=   309,029: T=       87.8348, T/sqrt(N)=    0.1580, |T|/sqrt(N)=    0.1580 (0.00s)
  N=   342,767: T=     -133.5757, T/sqrt(N)=   -0.2282, |T|/sqrt(N)=    0.2282 (0.00s)
  N=   380,189: T=        8.2850, T/sqrt(N)=    0.0134, |T|/sqrt(N)=    0.0134 (0.00s)
  N=   421,696: T=       74.7175, T/sqrt(N)=    0.1151, |T|/sqrt(N)=    0.1151 (0.00s)
  N=   467,735: T=       87.5268, T/sqrt(N)=    0.1280, |T|/sqrt(N)=    0.1280 (0.00s)
  N=   518,800: T=      -97.8771, T/sqrt(N)=   -0.1359, |T|/sqrt(N)=    0.1359 (0.00s)
  N=   575,439: T=       -6.8817, T/sqrt(N)=   -0.0091, |T|/sqrt(N)=    0.0091 (0.01s)
  N=   638,263: T=      -36.1493, T/sqrt(N)=   -0.0452, |T|/sqrt(N)=    0.0452 (0.00s)
  N=   707,945: T=       28.7064, T/sqrt(N)=    0.0341, |T|/sqrt(N)=    0.0341 (0.00s)
  N=   785,235: T=      -12.1456, T/sqrt(N)=   -0.0137, |T|/sqrt(N)=    0.0137 (0.01s)
  N=   870,963: T=     -119.4315, T/sqrt(N)=   -0.1280, |T|/sqrt(N)=    0.1280 (0.01s)
  N=   966,050: T=        5.8680, T/sqrt(N)=    0.0060, |T|/sqrt(N)=    0.0060 (0.01s)
  N= 1,000,000: T=      139.6297, T/sqrt(N)=    0.1396, |T|/sqrt(N)=    0.1396 (0.01s)
  N= 1,071,519: T=      210.5457, T/sqrt(N)=    0.2034, |T|/sqrt(N)=    0.2034 (0.01s)
  N= 1,188,502: T=     -226.6310, T/sqrt(N)=   -0.2079, |T|/sqrt(N)=    0.2079 (0.01s)
  N= 1,318,256: T=      -83.1907, T/sqrt(N)=   -0.0725, |T|/sqrt(N)=    0.0725 (0.01s)
  N= 1,462,177: T=      -93.2192, T/sqrt(N)=   -0.0771, |T|/sqrt(N)=    0.0771 (0.01s)
  N= 1,621,810: T=      111.3928, T/sqrt(N)=    0.0875, |T|/sqrt(N)=    0.0875 (0.01s)
  N= 1,798,870: T=      237.1008, T/sqrt(N)=    0.1768, |T|/sqrt(N)=    0.1768 (0.01s)
  N= 1,995,262: T=      -96.3475, T/sqrt(N)=   -0.0682, |T|/sqrt(N)=    0.0682 (0.01s)
  N= 2,213,094: T=     -156.3072, T/sqrt(N)=   -0.1051, |T|/sqrt(N)=    0.1051 (0.01s)
  N= 2,454,708: T=      193.0379, T/sqrt(N)=    0.1232, |T|/sqrt(N)=    0.1232 (0.01s)
  N= 2,722,701: T=      -83.3311, T/sqrt(N)=   -0.0505, |T|/sqrt(N)=    0.0505 (0.01s)
  N= 3,019,951: T=       94.4618, T/sqrt(N)=    0.0544, |T|/sqrt(N)=    0.0544 (0.01s)
  N= 3,349,654: T=     -282.7980, T/sqrt(N)=   -0.1545, |T|/sqrt(N)=    0.1545 (0.01s)
  N= 3,715,352: T=       26.1073, T/sqrt(N)=    0.0135, |T|/sqrt(N)=    0.0135 (0.01s)
  N= 4,120,975: T=       46.2506, T/sqrt(N)=    0.0228, |T|/sqrt(N)=    0.0228 (0.02s)
  N= 4,570,881: T=      116.5366, T/sqrt(N)=    0.0545, |T|/sqrt(N)=    0.0545 (0.02s)
  N= 5,069,907: T=     -381.3735, T/sqrt(N)=   -0.1694, |T|/sqrt(N)=    0.1694 (0.02s)
  N= 5,623,413: T=       32.5315, T/sqrt(N)=    0.0137, |T|/sqrt(N)=    0.0137 (0.02s)
  N= 6,237,348: T=      208.3253, T/sqrt(N)=    0.0834, |T|/sqrt(N)=    0.0834 (0.02s)
  N= 6,918,309: T=      -73.6143, T/sqrt(N)=   -0.0280, |T|/sqrt(N)=    0.0280 (0.03s)
  N= 7,673,614: T=     -188.5085, T/sqrt(N)=   -0.0681, |T|/sqrt(N)=    0.0681 (0.03s)
  N= 8,511,380: T=      223.1189, T/sqrt(N)=    0.0765, |T|/sqrt(N)=    0.0765 (0.03s)
  N= 9,440,608: T=      -64.8256, T/sqrt(N)=   -0.0211, |T|/sqrt(N)=    0.0211 (0.04s)
  N=10,000,000: T=      606.7255, T/sqrt(N)=    0.1919, |T|/sqrt(N)=    0.1919 (0.04s)
  N=10,471,285: T=      467.5854, T/sqrt(N)=    0.1445, |T|/sqrt(N)=    0.1445 (0.03s)
  N=11,614,486: T=     -331.4914, T/sqrt(N)=   -0.0973, |T|/sqrt(N)=    0.0973 (0.04s)
  N=12,882,495: T=     -892.4694, T/sqrt(N)=   -0.2487, |T|/sqrt(N)=    0.2487 (0.04s)
  N=14,288,939: T=      218.3461, T/sqrt(N)=    0.0578, |T|/sqrt(N)=    0.0578 (0.05s)
  N=15,848,931: T=      434.8250, T/sqrt(N)=    0.1092, |T|/sqrt(N)=    0.1092 (0.05s)
  N=17,579,236: T=     -689.2906, T/sqrt(N)=   -0.1644, |T|/sqrt(N)=    0.1644 (0.05s)
  N=19,498,445: T=     -310.8669, T/sqrt(N)=   -0.0704, |T|/sqrt(N)=    0.0704 (0.06s)
  N=21,627,185: T=       16.8021, T/sqrt(N)=    0.0036, |T|/sqrt(N)=    0.0036 (0.06s)
  N=23,988,329: T=      489.8116, T/sqrt(N)=    0.1000, |T|/sqrt(N)=    0.1000 (0.04s)
  N=26,607,250: T=      167.7526, T/sqrt(N)=    0.0325, |T|/sqrt(N)=    0.0325 (0.05s)
  N=29,512,092: T=      239.5398, T/sqrt(N)=    0.0441, |T|/sqrt(N)=    0.0441 (0.05s)
  N=32,734,069: T=    -1149.1922, T/sqrt(N)=   -0.2009, |T|/sqrt(N)=    0.2009 (0.06s)
  N=36,307,805: T=      914.0726, T/sqrt(N)=    0.1517, |T|/sqrt(N)=    0.1517 (0.06s)
  N=40,271,703: T=     -694.3789, T/sqrt(N)=   -0.1094, |T|/sqrt(N)=    0.1094 (0.07s)
  N=44,668,359: T=      218.7255, T/sqrt(N)=    0.0327, |T|/sqrt(N)=    0.0327 (0.07s)
  N=49,545,019: T=       37.5225, T/sqrt(N)=    0.0053, |T|/sqrt(N)=    0.0053 (0.08s)
  N=54,954,087: T=      980.6295, T/sqrt(N)=    0.1323, |T|/sqrt(N)=    0.1323 (0.08s)
  N=60,953,689: T=      406.9302, T/sqrt(N)=    0.0521, |T|/sqrt(N)=    0.0521 (0.09s)
  N=67,608,297: T=     -737.2463, T/sqrt(N)=   -0.0897, |T|/sqrt(N)=    0.0897 (0.10s)
  N=74,989,420: T=     -963.3850, T/sqrt(N)=   -0.1112, |T|/sqrt(N)=    0.1112 (0.10s)
  N=83,176,377: T=     -474.0638, T/sqrt(N)=   -0.0520, |T|/sqrt(N)=    0.0520 (0.12s)
  N=92,257,142: T=     1374.1399, T/sqrt(N)=    0.1431, |T|/sqrt(N)=    0.1431 (0.12s)
  N=100,000,000: T=     1123.0700, T/sqrt(N)=    0.1123, |T|/sqrt(N)=    0.1123 (0.13s)
  N=102,329,299: T=      312.9610, T/sqrt(N)=    0.0309, |T|/sqrt(N)=    0.0309 (0.14s)
  N=113,501,081: T=    -1936.5059, T/sqrt(N)=   -0.1818, |T|/sqrt(N)=    0.1818 (0.14s)
  N=125,892,541: T=      235.8898, T/sqrt(N)=    0.0210, |T|/sqrt(N)=    0.0210 (0.15s)
  N=139,636,836: T=     1091.5651, T/sqrt(N)=    0.0924, |T|/sqrt(N)=    0.0924 (0.16s)
  N=154,881,661: T=     1458.8733, T/sqrt(N)=    0.1172, |T|/sqrt(N)=    0.1172 (0.17s)
  N=171,790,838: T=     -888.2897, T/sqrt(N)=   -0.0678, |T|/sqrt(N)=    0.0678 (0.19s)
  N=190,546,071: T=    -2073.3244, T/sqrt(N)=   -0.1502, |T|/sqrt(N)=    0.1502 (0.22s)
  N=211,348,903: T=     1633.4477, T/sqrt(N)=    0.1124, |T|/sqrt(N)=    0.1124 (0.25s)
  N=234,422,881: T=     2420.0490, T/sqrt(N)=    0.1581, |T|/sqrt(N)=    0.1581 (0.25s)
  N=260,015,956: T=     -712.5461, T/sqrt(N)=   -0.0442, |T|/sqrt(N)=    0.0442 (0.27s)
  N=288,403,150: T=     1044.7735, T/sqrt(N)=    0.0615, |T|/sqrt(N)=    0.0615 (0.29s)
  N=319,889,510: T=     -128.8652, T/sqrt(N)=   -0.0072, |T|/sqrt(N)=    0.0072 (0.32s)
  N=354,813,389: T=     1756.3811, T/sqrt(N)=    0.0932, |T|/sqrt(N)=    0.0932 (0.35s)
  N=393,550,075: T=     -302.2954, T/sqrt(N)=   -0.0152, |T|/sqrt(N)=    0.0152 (0.40s)
  N=436,515,832: T=      -97.9001, T/sqrt(N)=   -0.0047, |T|/sqrt(N)=    0.0047 (0.46s)
  N=484,172,367: T=    -2873.6266, T/sqrt(N)=   -0.1306, |T|/sqrt(N)=    0.1306 (0.47s)
  N=537,031,796: T=     3909.9740, T/sqrt(N)=    0.1687, |T|/sqrt(N)=    0.1687 (0.53s)
  N=595,662,143: T=    -1603.7271, T/sqrt(N)=   -0.0657, |T|/sqrt(N)=    0.0657 (0.61s)
  N=660,693,448: T=    -3777.9618, T/sqrt(N)=   -0.1470, |T|/sqrt(N)=    0.1470 (0.66s)
  N=732,824,533: T=      370.2760, T/sqrt(N)=    0.0137, |T|/sqrt(N)=    0.0137 (0.72s)
  N=812,830,516: T=     -798.9481, T/sqrt(N)=   -0.0280, |T|/sqrt(N)=    0.0280 (0.75s)
  N=901,571,137: T=     5169.3826, T/sqrt(N)=    0.1722, |T|/sqrt(N)=    0.1722 (0.85s)
  N=999,999,999: T=     -519.6323, T/sqrt(N)=   -0.0164, |T|/sqrt(N)=    0.0164 (0.93s)
  N=1,000,000,000: T=     -519.6323, T/sqrt(N)=   -0.0164, |T|/sqrt(N)=    0.0164 (0.95s)

=== |T(N)| / sqrt(N) statistics ===
# samples (N >= 1000): 141
max |T|/sqrt(N) = 0.4330
mean = 0.1091
median = 0.0932

# N with T(N) > 0: 58 / 195 = 29.7%
# N with T(N) < 0: 137 / 195

Saved /tmp/asymptotic_scan_NMAX_1000000000.tsv

=== 20 N values with smallest |T(N)| ===
  N=           6: T=      0.116667
  N=           5: T=     -0.216667
  N=           4: T=      0.583333
  N=      53,088: T=     -0.636969
  N=          10: T=     -0.687698
  N=           7: T=     -0.740476
  N=           3: T=      0.833333
  N=           8: T=     -0.865476
  N=           9: T=     -1.087698
  N=      72,443: T=      1.118251
  N=       4,897: T=      1.119079
  N=      89,125: T=      1.254405
  N=       1,412: T=     -1.416721
  N=          12: T=     -1.430123
  N=          16: T=     -1.453795
  N=           2: T=      1.500000
  N=     121,618: T=      1.846996
  N=          14: T=     -1.924628
  N=           1: T=      2.000000
  N=          22: T=     -2.005255
