# 2/(3*pi) = 0.21220659078919378102517835116335248271261286098728

# Probe Barnes-G ratios:
#   G(2)²/G(3) = 1.0
#   G(4)²/G(7) = 0.00011574074074074074074074074074074074074074074074074
#   G(2)·G(4)/G(6) = 0.0069444444444444444444444444444444444444444444444444

# Adelic archimedean factor κ_∞ probe (Γ-ratios at k=12,...,100):
#   k=12: ψ'(6.0)/(ψ'(6.0) + ψ'(6.0+1)) = 0.54147569592715775467065321573929772795284798888256
#   k=14: ψ'(7.0)/(ψ'(7.0) + ψ'(7.0+1)) = 0.53559370583226612907171015666408383798709258348476
#   k=16: ψ'(8.0)/(ψ'(8.0) + ψ'(8.0+1)) = 0.53116908140068812088388175099359629553218327956003
#   k=50: ψ'(25.0)/(ψ'(25.0) + ψ'(25.0+1)) = 0.50999733489616079946000933920629749682044040494274
#   k=100: ψ'(50.0)/(ψ'(50.0) + ψ'(50.0+1)) = 0.50499966671554290534529103316441960248159358135582

# Sensitivity check (1% perturbation):
#   16/(24π): base=0.21220659078919378102517835116335248271261286098728, perturbed=0.21010553543484532774770133778549750763625035741314, rel=-0.0099009900990099009900990099009900990099009900990119
#   4ζ(2)/π³: base=0.21220659078919378102517835116335248271261286098728, perturbed=0.21432865669708571883543013467498600753973898959715, rel=0.010000000000000000000000000000000000000000000000002
#   8·vol_WP/π³: base=0.21220659078919378102517835116335248271261286098728, perturbed=0.21010553543484532774770133778549750763625035741314, rel=-0.0099009900990099009900990099009900990099009900990103

# === MASTER TABLE ===
# NAME                                                         | VALUE                               | RESIDUAL               | CLASS
# ------------------------------------------------------------ | ----------------------------------- | ---------------------- | ---------------
# A1 Borel-form 4·ζ(2)/π³                                      | 0.21220659078919378102517835...     | 0                      | MATCH_TO_30_DIGITS
# A2 ζ'(-1)/π (Kronecker)                                      | -0.0526551854236830165139282...     | 0.264862               | NO_MATCH
# A3 G/π (Catalan over π)                                      | 0.29156090403081878013838445...     | 0.0793543              | NO_MATCH
# A3b 2·G/(3π)                                                 | 0.19437393602054585342558963...     | 0.0178327              | NO_MATCH
# A4 (Γ(1/3)³/(2^(4/3)·π)) / (6π²) [CM-3 period probe]         | 0.04101229304961671078308107...     | 0.171194               | NO_MATCH
# A4b Γ(1/3)³/(12π³) [CM-3 period probe2]                      | 0.05167225131766929577341990...     | 0.160534               | NO_MATCH
# B1 vol(Γ(1)\H)/(4π) = 1/12 (Selberg identity)                | 0.08333333333333333333333333...     | 0.128873               | NO_MATCH
# B2 Plancherel·Vol-norm = 1/(6π)                              | 0.05305164769729844525629458...     | 0.159155               | NO_MATCH
# B3 Z_Sel(s) residue at s=1, /π                               | 0.05305164769729844525629458...     | 0.159155               | NO_MATCH
# C1 2/(3·vol(Γ_0(2)\H))                                       | 0.21220659078919378102517835...     | 0                      | MATCH_TO_30_DIGITS
# C2 1/(2·vol(Γ_0(3)\H)) = 3/(8π)                              | 0.11936620731892150182666282...     | 0.0928404              | NO_MATCH
# C2b 8/(12·vol(Γ_0(3)\H))                                     | 0.15915494309189533576888376...     | 0.0530516              | NO_MATCH
# D1 V_tet/π (regular ideal tetrahedron)                       | 0.48460915412267171412631393...     | 0.272403               | NO_MATCH
# D2 2·Catalan/(3π)                                            | 0.19437393602054585342558963...     | 0.0178327              | NO_MATCH
# E1 8·vol_WP(M_{1,1})/π³                                      | 0.21220659078919378102517835...     | 3.34095588761524455767 | MATCH_TO_30_DIGITS
# E2 8·|χ_orb|/π                                               | 0.21220659078919378102517835...     | 0                      | MATCH_TO_30_DIGITS
# F1 G(3)²/G(5)                                                | 0.08333333333333333333333333...     | 0.128873               | NO_MATCH
# F1b G(3)²/G(5) / (2π)                                        | 0.01326291192432461131407364...     | 0.198944               | NO_MATCH
# G1 φ(2)/100 [Eisenstein φ at s=2]                            | 0.01744568082131255952350395...     | 0.194761               | NO_MATCH
# H1 ζ(3)/π³                                                   | 0.03876817960291679894111989...     | 0.173438               | NO_MATCH
# H2 ζ(5)/π⁵                                                   | 0.00338843481873046737605490...     | 0.208818               | NO_MATCH
# I1 τ₂(S³)/π (WRT level 2)                                    | 0.15915494309189533576888376...     | 0.0530516              | NO_MATCH
# J1 7/33 (decimal coincidence)                                | 0.21212121212121212121212121...     | 8.53787e-5             | NEAR_MISS
# J2 √π/8                                                      | 0.22155673136318950341227093...     | 0.00935014             | NO_MATCH
# J3 (2/(3π))·ζ(3)                                             | 0.25508439735411356150010209...     | 0.0428778              | NO_MATCH
# K1 D(ω_3)/π [Bloch-Wigner at CM-3]                           | 0.32306594721945051409363651...     | 0.110859               | NO_MATCH
# K2a L(2,χ_{-3})/π                                            | 0.24869627788176724513806699...     | 0.0364897              | NO_MATCH
# K2b 4·L(2,χ_{-3})/(3π²)                                      | 0.10554997854250361226568720...     | 0.106657               | NO_MATCH
# K2c 8·L(2,χ_{-3})/(9π²)                                      | 0.07036665236166907484379146...     | 0.14184                | NO_MATCH
# K3a L(11a1, 1)/π                                             | 0.08080037383772663429287908...     | 0.131406               | NO_MATCH
# K3b Ω(11a1)/(6π)                                             | 0.06733364486477219524406590...     | 0.144873               | NO_MATCH
# K4 η(i)²/π [lemniscate]                                      | 0.18785704086546044660699043...     | 0.0243495              | NO_MATCH
# K6 L(11a1, 2)/π²                                             | 0.05479909787089745263041982...     | 0.157407               | NO_MATCH
# K6b 4·L(11a1, 2)/(3π³)                                       | 0.02325745947501303181578056...     | 0.188949               | NO_MATCH
# M2 12·ζ(2)/π³                                                | 0.63661977236758134307553505...     | 0.424413               | NO_MATCH
# M4 V(figure-8)/π²                                            | 0.30851176938482141041705379...     | 0.0963052              | NO_MATCH
# M6 G(5)²/G(9)                                                | 0.00000000114822163433274544...     | 0.212207               | NO_MATCH
# M7 (2/3)·vol_WP(M_{0,4})/π³                                  | 0.10610329539459689051258917...     | 0.106103               | NO_MATCH
# M8 vol_WP(M_{2,0})/π⁷                                        | 0.00633672458606620318339074...     | 0.20587                | NO_MATCH
# M10 L(11a1, 2)/(2π)²                                         | 0.01369977446772436315760495...     | 0.198507               | NO_MATCH
# M11 (π²/12)/π³ = 1/(12π)                                     | 0.02652582384864922262814729...     | 0.185681               | NO_MATCH
# M12 ζ(2)·ζ(3)/π⁵                                             | 0.00646136326715279982351998...     | 0.205745               | NO_MATCH
# M13 16·ζ(2)/(8π³)                                            | 0.10610329539459689051258917...     | 0.106103               | NO_MATCH
# M14 ζ_{Q(ω₃)}(2)/π⁴                                          | 0.01319374731781295153321090...     | 0.199013               | NO_MATCH
# M15 m(1+x+y+xy)/π = 7ζ(3)/(2π³)                              | 0.13568862861020879629391961...     | 0.076518               | NO_MATCH
# M16 [Boyd 11a1]/π = (7√11/π³)·L(11a1, 2)                     | 0.40496539994145009852783734...     | 0.192759               | NO_MATCH

# MATCH_TO_30_DIGITS: 4
# NEAR_MISS:          1
# NO_MATCH:           41
# Total candidates:   46

# DISTRACTOR/DISCRIMINATION TABLE:
#   2/(3π)                    = 0.21220659078919378102517835116335248271261286098728 | diff = 0.0
#   1/(24π)·16                = 0.21220659078919378102517835116335248271261286098728 | diff = 0.0
#   1/(2π)                    = 0.15915494309189533576888376337251436203445964574046 | diff = 0.053051647697298445256294587790838120678153215246819
#   1/π²                      = 0.10132118364233777144387946320972763890435877467225 | diff = 0.11088540714685600958129888795362484380825408631503
#   4/(3π²)                   = 0.13509491152311702859183928427963685187247836622966 | diff = 0.077111679266076752433339066883715630840134494757613
#   1/(2π²)                   = 0.050660591821168885721939731604863819452179387336123 | diff = 0.16154599896802489530323861955848866326043347365115
#   √π/8                      = 0.2215567313631895034122709354176431478496936820153 | diff = 0.0093501405739957223870925842542906651370808210280232
#   7/33                      = 0.21212121212121212121212121212121212121212121212121 | diff = 0.000085378667981659813057139042140361500491648866063162
#   (2/(3π))·ζ(3)             = 0.25508439735411356150010209349391075801732248570031 | diff = 0.042877806564919780474923742330558275304709624713036
#   I_ON/11 = 2.3328/11       = 0.21207272727272727272727272727272727272727272727273 | diff = 0.00013386351646650829790562389062520998534013371454779

# Done.
