curve, B, L_cum, k2m, k2a, a2/a4_emp, δ_2_emp, κ_2_emp
   11a1   2.114   -0.425   1.398   0.000  -0.906 -12.906  -2.393
   14a1   2.225   -0.280   1.788   0.000  -0.595 -12.595  -2.599
   15a1   2.298   -0.152   2.053   0.000  -0.137 -12.137  -2.707
   17a1   1.922   +0.061   1.313   0.000  -0.783 -12.783  -1.980
   19a1   1.778   +0.047   1.279   0.000  -1.284 -13.284  -1.819
   20a1   2.536   -0.380   1.223   2.135  -1.080 -13.080  -3.540
   21a1   2.092   +0.117   2.191   0.000  -0.992 -12.992  -2.358
   24a1   2.380   -0.338   0.830   2.135  +0.253 -11.747  -2.863
  100a1   2.536   -0.380   0.000   6.295  -0.721 -12.721  -3.480
  106c1   1.555   +1.518   1.297   0.000  -0.498 -12.498  -1.391
  200a1   2.005   -0.070   0.000   6.295  -2.272 -14.272  -2.388
  221a1   0.882   +2.191   2.689   0.000  -0.454 -12.454  -1.090
  240a1   1.984   +1.057   2.053   2.135  +0.173 -11.827  -1.939
  496b1   1.846   +1.382   1.094   2.135  -0.114 -12.114  -1.734
  510a1   1.830   +2.223   3.793   0.000  +0.139 -11.861  -1.666
 5005b1   1.924   +3.256   5.358   0.000  +0.715 -11.285  -1.735

Least-squares fit: κ_2 = +0.7219·L_cum + -0.4428·k2m + -0.2046·k2a + -1.6185
residual max abs: 0.6686, MAE: 0.2268, R²: 0.8191

Residuals per curve:
     11a1: +0.1517
     14a1: +0.0138
     15a1: -0.0699
     17a1: +0.1760
     19a1: +0.3316
     20a1: -0.6686
     21a1: +0.1457
     24a1: -0.1965
    100a1: -0.2993
    106c1: -0.2940
    200a1: +0.5689
    221a1: +0.1378
    240a1: +0.2620
    496b1: -0.1918
    510a1: +0.0273
   5005b1: -0.0947

--- structural ansatz tests ---
  κ_2 = ¼·L_cum − ¼·k2m − ⅛·k2a − ζ_cum + 0               MAE=0.891 max=1.988
  κ_2 = ½·L_cum − ½·k2m − ¼·k2a − ζ_cum                   MAE=0.480 max=1.320
  κ_2 = (L_cum − k2m − ½·k2a)/4 − ζ_cum + (-0.33)         MAE=0.593 max=1.658
  κ_2 = ¼(L_cum − k2m) − ζ_cum − 0.33                     MAE=0.758 max=2.171
