I_ON = ∫|M_W|²(1−sinc²) dy = 2.332825

=== N=500, samples per κ=300 ===
      κ     Var(S)    α_ratio     SE_α
  30.00     2.5510     1.0935   0.0595
  39.48     2.3137     0.9918   0.0626
  50.00     2.3345     1.0007   0.0544
  70.00     2.1298     0.9130   0.0496
  → mean α = 0.9997 ± 0.0320 (across κ)
  elapsed: 477.0s

=== N=1000, samples per κ=150 ===
      κ     Var(S)    α_ratio     SE_α
  30.00     2.1861     0.9371   0.0677
  39.48     2.3951     1.0267   0.0792
  50.00     2.0946     0.8979   0.0678
  70.00     2.2882     0.9809   0.0777
  → mean α = 0.9606 ± 0.0241 (across κ)
  elapsed: 1615.4s

=== Summary: finite-N convergence ===
  N=  500:  α = 0.9997 ± 0.0320
  N= 1000:  α = 0.9606 ± 0.0241

Prediction: α → 1 with shrinking variance as N grows.
