  ***   Warning: new maximum stack size = 16000008192 (15258.797 Mbytes).
  ***   Warning: new stack size = 2000000000 (1907.349 Mbytes).
# B3 V2 — corrected: ρ_f = 1 + iγ_f (arithmetic norm for EC)
# Target: u_f ∈ M-N cage [0.132, 0.770], conjectural 0.212

curve,N,T_max,Y,c_f,n_zeros,U_f,u_f,first_few_|L'|²
11a1,11,177.16,4.5381,0.6429,199,16692.359979,0.345521,[6.56215959579553183766413303816, 3.75809934827929687860197613703, 3.67405558052347920379808413795]
14a1,14,172.02,4.6293,0.7165,199,13565.883037,0.239653,[5.72608769267516501614066629510, 8.08893458273717387389703107799, 8.64173763873824923953509221190]
15a1,15,171.10,4.6584,0.5693,199,12643.140445,0.275617,[6.69166236594499361326077458552, 8.56993919704267093910858762355, 5.67497691956998503616274667039]
17a1,17,168.91,4.7081,0.4772,199,12713.624892,0.321003,[7.15531348109626142408760580076, 3.70236893020118220665833816156, 3.54894045850274302991126187725]
19a1,19,166.78,4.7510,0.5641,200,13407.620894,0.279709,[3.35964201740248038021668736369, 5.85302905062325337471742245915, 10.6894906978193277055833816815]
20a1,20,166.04,4.7722,0.4089,200,12874.531581,0.365606,[4.60966528777596316967683259325, 7.66311608231484246138432959291, 20.1557968058147718673858351071]
21a1,21,164.70,4.7885,0.6272,200,12942.196216,0.238284,[6.47855067769955038446677890399, 8.74163221510920484222185830349, 3.86726473081650455274879245612]
24a1,24,162.91,4.8443,0.5786,199,11863.215214,0.228532,[5.37100695596837168418301164825, 9.19291058238531094095104193396, 15.2496496524962574760715966006]
100a1,100,141.43,5.4165,0.4089,200,16964.266754,0.340792,[4.40788746116100367353347036770, 10.0285797173031033555503878141, 34.8199041139364464596524189513]
106c1,106,140.91,5.4420,0.7347,200,16626.492577,0.183107,[4.06630912431169049387983503422, 6.11618266511840848082651523041, 12.3987882862984560917137183076]
200a1,200,132.92,5.7010,0.8734,200,22692.421980,0.185041,[4.13527455785123089207325253549, 24.2645150015569417993325875143, 7.05502301640445199046408935032]
221a1,221,131.73,5.7420,0.9160,199,20475.283961,0.156095,[4.30612173583569001207663884508, 30.1688731139193336347013467176, 29.3429392549196308182861577672]
240a1,240,131.01,5.7777,0.7800,199,17170.014000,0.150776,[6.59358955767511210848643260768, 23.4845733149478230862437192718, 23.1284763045167710342107952809]
496b1,496,123.19,6.0791,0.6144,200,21959.075559,0.212444,[7.10451398673454063163035177136, 9.93073263755878483446702887972, 25.9056690028434400101751652966]
510a1,510,123.25,6.0935,1.0299,199,22938.983322,0.131076,[4.19254570294351194809046124156, 33.9757493379438809439602479751, 58.2877701572001386053395616392]
5005b1,5005,103.35,7.0593,0.5758,200,31699.712743,0.214511,[28.8645225546975584211108310132, 59.1218519035049829725903500173, 12.1504279037106639824002449716]
