  ***   Warning: new stack size = 2000000000 (1907.349 Mbytes).
  ***   Warning: new maximum stack size = 8000012288 (7629.406 Mbytes).
=========================================================
Theorem B numerical verification: higher-weight modular
=========================================================

###  CASE 1: Ramanujan Delta  ###
nb newforms in S_12^new(SL2Z): 1

=== Delta (N=1, k=12) ===
Central sigma = 6.000000000000000000
Arith a_p for p in [2,11]: [-24, 252, 4830, -16744, 534612]
Deligne lambda_p = a_p/p^((k-1)/2): [-0.5303300858899106432, 0.5987336124929452374, 0.6912133332047349906, -0.3765476965589635684, 1.000872909497037372]
Zeros found up to T=50: 20; using 20
First 5 zeros: [9.222379399921102523, 13.90754986139213441, 17.44277697823447331, 19.65651314195496100, 22.33610363720986727]
    j=1  gamma=9.222379399921102523  |L'|^2=1.038357325615478811
    j=2  gamma=13.90754986139213441  |L'|^2=3.470254024875039649
    j=3  gamma=17.44277697823447331  |L'|^2=3.522279208371113808
    j=4  gamma=19.65651314195496100  |L'|^2=4.332042846244263204
    j=5  gamma=22.33610363720986727  |L'|^2=9.735169245266126876
    j=6  gamma=25.27463654811236536  |L'|^2=5.787443612482783241
    j=7  gamma=26.80439115835040303  |L'|^2=4.644977207250429677
    j=8  gamma=28.83168262418687544  |L'|^2=10.12029030555407910
    j=9  gamma=31.17820949836025906  |L'|^2=11.28559954353746630
    j=10  gamma=32.77487538223120744  |L'|^2=13.07577994124480419
    j=11  gamma=35.19699584121007259  |L'|^2=10.28213178034460861
    j=12  gamma=36.74146297671030650  |L'|^2=3.862714068405619575
    j=13  gamma=37.75391597562427048  |L'|^2=6.508950175375082391
    j=14  gamma=40.21903437422132048  |L'|^2=21.44718183329796597
    j=15  gamma=41.73049228930784883  |L'|^2=17.38476357406645296
    j=16  gamma=43.59174123557517033  |L'|^2=13.08404477467806995
    j=17  gamma=45.04007921377559648  |L'|^2=7.547513199043943634
    j=18  gamma=46.19731875314330960  |L'|^2=11.86468339700885705
    j=19  gamma=48.35905247802366955  |L'|^2=11.51737499415110003
    j=20  gamma=49.27605353655817841  |L'|^2=12.03570107823132131
  U computed = 182.5472521350446063  T = 49.27605353655817841
  Computing cf via Euler product (Pmax=5000)...
  cf returned = 0.3846133959118996994
U = 182.5472521350446063
T = 49.27605353655817841
c_f (Euler prod, Pmax=5000) = 0.3846133959118996994
log T   = 3.897438233562287441
log X   = 3.851320636380996958
log Can = 7.702641272761993917
u_norm (log T)^4   = 0.04174437951914782371
u_norm (log X)^4   = 0.04378005151345273793
u_norm (log Can)^4 = 0.002736253219590796121
[target 2/(3*pi) = 0.2122065907891937810]

###  CASE 2: weight 24, level 37  ###
nb newform Galois orbits in S_24^new(Gamma0(37)): 2

=== level37_wt24_orbit1 (N=37, k=24) ===
lfunmf returned vector of 34 embeddings; using #1
Central sigma = 12.00000000000000000
Arith a_p for p in [2,11]: [-5537.004824716703781, -584481.6328125000000, -70609048.00000000000, -4546119680.000000000, 1096167849984.000000]
Deligne lambda_p = a_p/p^((k-1)/2): [-1.911744950693267671, -1.904918672293004556, -0.6467036412090186577, -0.8689872501704573961, 1.158407020728613859]
Zeros found up to T=30: 5; using 5
First 5 zeros: [2.828591207292964098, 4.817124509428098482, 8.249502060167394414, 14.22975613319594796, 15.02519620143391519]
    j=1  gamma=2.828591207292964098  |L'|^2=107.9711948376401527
    j=2  gamma=4.817124509428098482  |L'|^2=123.9512502448475267
    j=3  gamma=8.249502060167394414  |L'|^2=24.38745326399290434
    j=4  gamma=14.22975613319594796  |L'|^2=282.3856468609174090
    j=5  gamma=15.02519620143391519  |L'|^2=380.2948385955142320
  U computed = 918.9903838029122247  T = 15.02519620143391519
  Computing cf via Euler product (Pmax=1000)...
  cf returned = 6.972938634348020308
U = 918.9903838029122247
T = 15.02519620143391519
c_f (Euler prod, Pmax=1000) = 6.972938634348020308
log T   = 2.709728538667720171
log X   = 5.162217078368487220
log Can = 10.32443415673697444
u_norm (log T)^4   = 0.1626941100950826550
u_norm (log X)^4   = 0.01235179055610263225
u_norm (log Can)^4 = 0.0007719869097564145157
[target 2/(3*pi) = 0.2122065907891937810]

=== level37_wt24_orbit2 (N=37, k=24) ===
lfunmf returned vector of 35 embeddings; using #1
Central sigma = 12.00000000000000000
Arith a_p for p in [2,11]: [-5511.528789172371072, -130021.7500000000000, 10308608.00000000000, 9632145408.000000000, 887898505216.0000000]
Deligne lambda_p = a_p/p^((k-1)/2): [-1.902948916762043464, -0.4237615785929551376, 0.09441586479676683088, 1.841177122582905346, 0.9383123781195271969]
Zeros found up to T=30: 21; using 15
First 5 zeros: [0.4684850329171248112, 1.706401125520644340, 2.389569899771776521, 4.724029582050716809, 6.232809345594017992]
    j=1  gamma=0.4684850329171248112  |L'|^2=4.263126911814791906
    j=2  gamma=1.706401125520644340  |L'|^2=5.346992565584159553
    j=3  gamma=2.389569899771776521  |L'|^2=14.20217796481730304
    j=4  gamma=4.724029582050716809  |L'|^2=143.9595265292172156
    j=5  gamma=6.232809345594017992  |L'|^2=39.37667322721268965
    j=6  gamma=7.396980289543004755  |L'|^2=10.99682482680934503
    j=7  gamma=8.405091881194714146  |L'|^2=4.549500538328125072
    j=8  gamma=9.173159705938923731  |L'|^2=6.108331911407986890
    j=9  gamma=10.61328862269444116  |L'|^2=7.236776792043586193
    j=10  gamma=11.33310096898731200  |L'|^2=6.160927187990568413
    j=11  gamma=12.03442706523682783  |L'|^2=31.05814372021940551
    j=12  gamma=14.50759950539643817  |L'|^2=85.08660590175660159
    j=13  gamma=15.17425723891205394  |L'|^2=46.53829282789076725
    j=14  gamma=16.96545567243521445  |L'|^2=0.9591650415075670944
    j=15  gamma=17.24226448839944566  |L'|^2=0.4608739805179743743
  U computed = 406.3039399271180871  T = 17.24226448839944566
  Computing cf via Euler product (Pmax=1000)...
  cf returned = 3.245500812344769877
U = 406.3039399271180871
T = 17.24226448839944566
c_f (Euler prod, Pmax=1000) = 3.245500812344769877
log T   = 2.847363607445016073
log X   = 5.299852147145783122
log Can = 10.59970429429156624
u_norm (log T)^4   = 0.1104595549305402021
u_norm (log X)^4   = 0.009202800189481678970
u_norm (log Can)^4 = 0.0005751750118426049356
[target 2/(3*pi) = 0.2122065907891937810]

=========================================================
DONE
=========================================================
