Crypto Bias Audit Framework — Validation Prototype
============================================================

Config: positive control primes ≤ 10,000,000, negative control 10^6 urandom samples

=== POSITIVE CONTROL: primes ≤ 10,000,000 ===
Sieving primes...
  Found 664,579 primes in 7.3s
  q= 3: (D_q undefined, only 2 coprime residues) | χ²=0.05 df=1 p=0.8157   
  q= 4: (D_q undefined, only 2 coprime residues) | χ²=0.07 df=1 p=0.7892   
  q= 5: D_q=  -198, z= -0.34, p=0.7312     | χ²=0.16 df=3 p=0.9841   
          n_-1=166,032, n_max_other=166,230, frac_-1=0.24983 (uniform=0.25000)
  q= 7: D_q=   -39, z= -0.08, p=0.934     | χ²=0.14 df=5 p=0.9996   
          n_-1=110,776, n_max_other=110,815, frac_-1=0.16669 (uniform=0.16667)
  q= 8: D_q=   +33, z= +0.06, p=0.9543     | χ²=0.25 df=3 p=0.97   
          n_-1=166,237, n_max_other=166,204, frac_-1=0.25014 (uniform=0.25000)
  q=11: D_q=   -68, z= -0.19, p=0.852     | χ²=0.36 df=9 p=1   
          n_-1=66,473, n_max_other=66,541, frac_-1=0.10002 (uniform=0.10000)

=== NEGATIVE CONTROL: /dev/urandom, K=1,000,000 ===
Reading random bytes...
  Got 1,000,000 64-bit samples in 0.2s
  q= 3: (D_q undefined) | χ²=1.23 df=1 p=0.2669   
  q= 4: (D_q undefined) | χ²=0.30 df=1 p=0.582   
  q= 5: D_q=  -731, z= -1.16, p=0.2478     | χ²=1.83 df=3 p=0.6075   
  q= 7: D_q=  -113, z= -0.21, p=0.8326     | χ²=6.88 df=5 p=0.2298   
  q= 8: D_q=  -227, z= -0.45, p=0.6496     | χ²=1.04 df=3 p=0.7905   
  q=11: D_q=  -262, z= -0.61, p=0.539     | χ²=3.94 df=9 p=0.915   

============================================================
DONE.
Expected: positive control shows D_q > 0 with significance for q where -1 is non-residue.
          negative control shows null (no significant deviations).
