  ***   Warning: new maximum stack size = 8000012288 (7629.406 Mbytes).

##############################################################
FAMILY A: 14 small squarefree-level k=2 elliptic curves
##############################################################

>>> Curve 1/14: 11a1

--- 11a1 | q=11 k=2 sigma=1 ---
  c_f (x=20000) = 0.588608
  T=  100 | N_f=  94 | Sf=     5685.1931 | cf=0.5886 | Y=2.583 | u_f=2.1712 | cage=0 | (0.5s)
  T=  200 | N_f= 233 | Sf=    19728.1340 | cf=0.5886 | Y=2.929 | u_f=2.2764 | cage=0 | (2.2s)
  T=  400 | N_f= 555 | Sf=    68127.9561 | cf=0.5886 | Y=3.276 | u_f=2.5130 | cage=0 | (13.8s)
  T=  800 | N_f=1285 | Sf=   213345.8629 | cf=0.5886 | Y=3.622 | u_f=2.6316 | cage=0 | (140.4s)
  *** lfunzeros: Warning: increasing stack size to 16000000.
  T= 1500 | N_f=2709 | Sf=   582796.6566 | cf=0.5886 | Y=3.937 | u_f=2.7486 | cage=0 | (1024.2s)

>>> Curve 2/14: 14a1

--- 14a1 | q=14 k=2 sigma=1 ---
  c_f (x=20000) = 0.417876
  T=  100 | N_f=  98 | Sf=     4963.5948 | cf=0.4179 | Y=2.703 | u_f=2.2246 | cage=0 | (0.3s)
  T=  200 | N_f= 241 | Sf=    17802.1977 | cf=0.4179 | Y=3.050 | u_f=2.4623 | cage=0 | (1.4s)
  T=  400 | N_f= 570 | Sf=    56707.8400 | cf=0.4179 | Y=3.396 | u_f=2.5498 | cage=0 | (8.1s)
  T=  800 | N_f=1316 | Sf=   179428.2453 | cf=0.4179 | Y=3.743 | u_f=2.7348 | cage=0 | (99.2s)
  T= 1500 | N_f=2767 | Sf=   472913.2585 | cf=0.4179 | Y=4.057 | u_f=2.7844 | cage=0 | (987.3s)

>>> Curve 3/14: 15a1

--- 15a1 | q=15 k=2 sigma=1 ---
  c_f (x=20000) = 0.355851
  T=  100 | N_f= 100 | Sf=     4659.1452 | cf=0.3559 | Y=2.738 | u_f=2.3308 | cage=0 | (0.3s)
  T=  200 | N_f= 243 | Sf=    16354.7863 | cf=0.3559 | Y=3.084 | u_f=2.5395 | cage=0 | (1.3s)
  T=  400 | N_f= 574 | Sf=    52838.9601 | cf=0.3559 | Y=3.431 | u_f=2.6794 | cage=0 | (8.3s)
  T=  800 | N_f=1325 | Sf=   162091.7364 | cf=0.3559 | Y=3.777 | u_f=2.7966 | cage=0 | (103.8s)
  T= 1500 | N_f=2784 | Sf=   429363.8594 | cf=0.3559 | Y=4.092 | u_f=2.8698 | cage=0 | (960.2s)

>>> Curve 4/14: 17a1

--- 17a1 | q=17 k=2 sigma=1 ---
  c_f (x=20000) = 0.450755
  T=  100 | N_f= 102 | Sf=     4607.4197 | cf=0.4508 | Y=2.800 | u_f=1.6624 | cage=0 | (0.3s)
  T=  200 | N_f= 247 | Sf=    17050.7885 | cf=0.4508 | Y=3.147 | u_f=1.9288 | cage=0 | (1.3s)
  T=  400 | N_f= 582 | Sf=    56708.0241 | cf=0.4508 | Y=3.493 | u_f=2.1118 | cage=0 | (8.1s)
  T=  800 | N_f=1341 | Sf=   171829.8199 | cf=0.4508 | Y=3.840 | u_f=2.1916 | cage=0 | (89.0s)
  T= 1500 | N_f=2814 | Sf=   465222.1603 | cf=0.4508 | Y=4.154 | u_f=2.3102 | cage=0 | (985.9s)

>>> Curve 5/14: 19a1

--- 19a1 | q=19 k=2 sigma=1 ---
  c_f (x=20000) = 0.535815
  T=  100 | N_f= 103 | Sf=     5050.8614 | cf=0.5358 | Y=2.856 | u_f=1.4171 | cage=0 | (0.3s)
  T=  200 | N_f= 250 | Sf=    18764.4913 | cf=0.5358 | Y=3.202 | u_f=1.6648 | cage=0 | (1.3s)
  T=  400 | N_f= 590 | Sf=    60888.6980 | cf=0.5358 | Y=3.549 | u_f=1.7907 | cage=0 | (8.2s)
  T=  800 | N_f=1353 | Sf=   195782.1881 | cf=0.5358 | Y=3.896 | u_f=1.9832 | cage=0 | (91.9s)
  T= 1500 | N_f=2838 | Sf=   525178.5545 | cf=0.5358 | Y=4.210 | u_f=2.0803 | cage=0 | (1008.9s)

>>> Curve 6/14: 21a1

--- 21a1 | q=21 k=2 sigma=1 ---
  c_f (x=20000) = 0.411995
  T=  100 | N_f= 105 | Sf=     5422.9943 | cf=0.4120 | Y=2.906 | u_f=1.8459 | cage=0 | (0.3s)
  T=  200 | N_f= 254 | Sf=    18489.7944 | cf=0.4120 | Y=3.252 | u_f=2.0052 | cage=0 | (1.3s)
  T=  400 | N_f= 596 | Sf=    60189.3641 | cf=0.4120 | Y=3.599 | u_f=2.1768 | cage=0 | (8.5s)
  T=  800 | N_f=1367 | Sf=   182450.3380 | cf=0.4120 | Y=3.946 | u_f=2.2840 | cage=0 | (94.1s)
  T= 1500 | N_f=2864 | Sf=   494070.5110 | cf=0.4120 | Y=4.260 | u_f=2.4277 | cage=0 | (981.7s)

>>> Curve 7/14: 26a1

--- 26a1 | q=26 k=2 sigma=1 ---
  c_f (x=20000) = 0.488693
  T=  100 | N_f= 108 | Sf=     5936.7888 | cf=0.4887 | Y=3.013 | u_f=1.4747 | cage=0 | (0.3s)
  T=  200 | N_f= 261 | Sf=    21008.2699 | cf=0.4887 | Y=3.359 | u_f=1.6879 | cage=0 | (1.4s)
  T=  400 | N_f= 609 | Sf=    66369.4089 | cf=0.4887 | Y=3.706 | u_f=1.8002 | cage=0 | (8.8s)
  T=  800 | N_f=1394 | Sf=   205001.1979 | cf=0.4887 | Y=4.052 | u_f=1.9444 | cage=0 | (97.7s)
  T= 1500 | N_f=2915 | Sf=   553593.1342 | cf=0.4887 | Y=4.367 | u_f=2.0770 | cage=0 | (1140.6s)

>>> Curve 8/14: 33a1

--- 33a1 | q=33 k=2 sigma=1 ---
  c_f (x=20000) = 0.489738
  T=  100 | N_f= 112 | Sf=     6330.8135 | cf=0.4897 | Y=3.132 | u_f=1.3436 | cage=0 | (0.5s)
  T=  200 | N_f= 269 | Sf=    22516.2126 | cf=0.4897 | Y=3.478 | u_f=1.5702 | cage=0 | (1.9s)
  T=  400 | N_f= 625 | Sf=    72400.4443 | cf=0.4897 | Y=3.825 | u_f=1.7265 | cage=0 | (11.6s)
  T=  800 | N_f=1425 | Sf=   217381.5448 | cf=0.4897 | Y=4.172 | u_f=1.8321 | cage=0 | (124.6s)
  T= 1500 | N_f=2972 | Sf=   581536.8309 | cf=0.4897 | Y=4.486 | u_f=1.9549 | cage=0 | (1260.2s)

>>> Curve 9/14: 35a1

--- 35a1 | q=35 k=2 sigma=1 ---
  c_f (x=20000) = 0.369872
  T=  100 | N_f= 113 | Sf=     5979.7662 | cf=0.3699 | Y=3.161 | u_f=1.6187 | cage=0 | (0.3s)
  T=  200 | N_f= 271 | Sf=    19378.2255 | cf=0.3699 | Y=3.508 | u_f=1.7300 | cage=0 | (2.0s)
  T=  400 | N_f= 628 | Sf=    63120.3567 | cf=0.3699 | Y=3.854 | u_f=1.9329 | cage=0 | (11.7s)
  T=  800 | N_f=1433 | Sf=   184751.3597 | cf=0.3699 | Y=4.201 | u_f=2.0046 | cage=0 | (132.1s)
  T= 1500 | N_f=2986 | Sf=   491882.5452 | cf=0.3699 | Y=4.515 | u_f=2.1328 | cage=0 | (1812.3s)

>>> Curve 10/14: 37a1

--- 37a1 | q=37 k=2 sigma=1 ---
  c_f (x=20000) = 1.470684
  T=  100 | N_f= 115 | Sf=    11781.9300 | cf=1.4707 | Y=3.189 | u_f=0.7745 | cage=0 | (0.8s)
  T=  200 | N_f= 273 | Sf=    40551.4757 | cf=1.4707 | Y=3.536 | u_f=0.8822 | cage=0 | (3.5s)
  T=  400 | N_f= 632 | Sf=   143397.0904 | cf=1.4707 | Y=3.882 | u_f=1.0731 | cage=0 | (13.9s)
  T=  800 | N_f=1440 | Sf=   441473.6317 | cf=1.4707 | Y=4.229 | u_f=1.1733 | cage=0 | (145.8s)
  T= 1500 | N_f=3000 | Sf=  1250660.1531 | cf=1.4707 | Y=4.543 | u_f=1.3308 | cage=0 | (1401.6s)

>>> Curve 11/14: 38a1

--- 38a1 | q=38 k=2 sigma=1 ---
  c_f (x=20000) = 0.437079
  T=  100 | N_f= 115 | Sf=     6599.5857 | cf=0.4371 | Y=3.202 | u_f=1.4356 | cage=0 | (0.4s)
  T=  200 | N_f= 273 | Sf=    21706.4978 | cf=0.4371 | Y=3.549 | u_f=1.5652 | cage=0 | (1.5s)
  T=  400 | N_f= 633 | Sf=    68237.9155 | cf=0.4371 | Y=3.896 | u_f=1.6948 | cage=0 | (9.8s)
  T=  800 | N_f=1443 | Sf=   206439.8566 | cf=0.4371 | Y=4.242 | u_f=1.8230 | cage=0 | (108.3s)
  T= 1500 | N_f=3005 | Sf=   544722.9253 | cf=0.4371 | Y=4.556 | u_f=1.9276 | cage=0 | (1249.3s)

>>> Curve 12/14: 43a1

--- 43a1 | q=43 k=2 sigma=1 ---
  c_f (x=20000) = 1.293075
  T=  100 | N_f= 117 | Sf=    11240.4827 | cf=1.2931 | Y=3.264 | u_f=0.7656 | cage=1 | (0.4s)
  T=  200 | N_f= 277 | Sf=    39171.6531 | cf=1.2931 | Y=3.611 | u_f=0.8910 | cage=0 | (1.6s)
  T=  400 | N_f= 642 | Sf=   128199.3098 | cf=1.2931 | Y=3.957 | u_f=1.0106 | cage=0 | (11.2s)
  T=  800 | N_f=1459 | Sf=   422672.9852 | cf=1.2931 | Y=4.304 | u_f=1.1907 | cage=0 | (128.8s)
  T= 1500 | N_f=3036 | Sf=  1142070.6824 | cf=1.2931 | Y=4.618 | u_f=1.2944 | cage=0 | (1120.8s)

>>> Curve 13/14: 53a1

--- 53a1 | q=53 k=2 sigma=1 ---
  c_f (x=20000) = 1.020989
  T=  100 | N_f= 120 | Sf=     9134.1668 | cf=1.0210 | Y=3.369 | u_f=0.6946 | cage=1 | (0.4s)
  T=  200 | N_f= 284 | Sf=    33491.3095 | cf=1.0210 | Y=3.715 | u_f=0.8607 | cage=0 | (1.6s)
  T=  400 | N_f= 655 | Sf=   114186.6350 | cf=1.0210 | Y=4.062 | u_f=1.0271 | cage=0 | (10.0s)
  T=  800 | N_f=1486 | Sf=   356558.2508 | cf=1.0210 | Y=4.409 | u_f=1.1557 | cage=0 | (109.8s)
  T= 1500 | N_f=3086 | Sf=   955382.1248 | cf=1.0210 | Y=4.723 | u_f=1.2539 | cage=0 | (1129.2s)

>>> Curve 14/14: 57a1

--- 57a1 | q=57 k=2 sigma=1 ---
  c_f (x=20000) = 1.013935
  T=  100 | N_f= 121 | Sf=    10965.3327 | cf=1.0139 | Y=3.405 | u_f=0.8044 | cage=0 | (0.4s)
  T=  200 | N_f= 286 | Sf=    38589.0572 | cf=1.0139 | Y=3.752 | u_f=0.9605 | cage=0 | (1.6s)
  T=  400 | N_f= 660 | Sf=   132012.4167 | cf=1.0139 | Y=4.098 | u_f=1.1538 | cage=0 | (10.2s)
  T=  800 | N_f=1495 | Sf=   392585.7350 | cf=1.0139 | Y=4.445 | u_f=1.2399 | cage=0 | (111.5s)
  T= 1500 | N_f=3103 | Sf=  1077235.0508 | cf=1.0139 | Y=4.759 | u_f=1.3806 | cage=0 | (1147.8s)

##############################################################
FAMILY B: Delta (k=12 cusp form at level 1)
##############################################################
  #orbits at [1,12] = 1

--- Delta_orb1 | q=1 k=12 sigma=6 ---
  c_f (x=20000) = 0.384009
  T=  100 | N_f=  59 | Sf=     1048.1986 | cf=0.3840 | Y=1.384 | u_f=7.4474 | cage=0 | (0.2s)
  T=  200 | N_f= 159 | Sf=     4665.8371 | cf=0.3840 | Y=1.730 | u_f=6.7788 | cage=0 | (0.8s)
  T=  400 | N_f= 404 | Sf=    18348.0703 | cf=0.3840 | Y=2.077 | u_f=6.4212 | cage=0 | (4.8s)
  T=  800 | N_f= 982 | Sf=    63758.2827 | cf=0.3840 | Y=2.423 | u_f=6.0177 | cage=0 | (56.0s)
  T= 1500 | N_f=2139 | Sf=   187086.5949 | cf=0.3840 | Y=2.738 | u_f=5.7821 | cage=0 | (584.5s)

##############################################################
AGGREGATION: family-averaged u_bar(T)
##############################################################

--- Family A (k=2, |F|=14) ---
  T     | mean u  | min u  | max u  | sd     | in_cage | mean_in_cage
    100 | 1.4688 | 0.6946 | 2.3308 | 0.5376 |  2/14   | N
    200 | 1.6446 | 0.8607 | 2.5395 | 0.5563 |  0/14   | N
    400 | 1.8029 | 1.0106 | 2.6794 | 0.5532 |  0/14   | N
    800 | 1.9275 | 1.1557 | 2.7966 | 0.5548 |  0/14   | N
   1500 | 2.0409 | 1.2539 | 2.8698 | 0.5419 |  0/14   | N

--- Family B (k=12 Delta) ---
  T     | u_f      | in_cage | dev from 0.2122
    100 | 7.447350 | 0       | +7.2351
    200 | 6.778803 | 0       | +6.5666
    400 | 6.421194 | 0       | +6.2090
    800 | 6.017672 | 0       | +5.8055
   1500 | 5.782090 | 0       | +5.5699

--- Predicted A4 = 2/(3*Pi) = 0.212206590789193781025178351163 ---
--- Cage = [0.131525788773142922513527949690, 0.770352222080930646843480042754] ---

##############################################################
PER-CURVE TABLE (Family A)
##############################################################

  11a1:
    T=  100  u_f=2.1712  cage=0
    T=  200  u_f=2.2764  cage=0
    T=  400  u_f=2.5130  cage=0
    T=  800  u_f=2.6316  cage=0
    T= 1500  u_f=2.7486  cage=0

  14a1:
    T=  100  u_f=2.2246  cage=0
    T=  200  u_f=2.4623  cage=0
    T=  400  u_f=2.5498  cage=0
    T=  800  u_f=2.7348  cage=0
    T= 1500  u_f=2.7844  cage=0

  15a1:
    T=  100  u_f=2.3308  cage=0
    T=  200  u_f=2.5395  cage=0
    T=  400  u_f=2.6794  cage=0
    T=  800  u_f=2.7966  cage=0
    T= 1500  u_f=2.8698  cage=0

  17a1:
    T=  100  u_f=1.6624  cage=0
    T=  200  u_f=1.9288  cage=0
    T=  400  u_f=2.1118  cage=0
    T=  800  u_f=2.1916  cage=0
    T= 1500  u_f=2.3102  cage=0

  19a1:
    T=  100  u_f=1.4171  cage=0
    T=  200  u_f=1.6648  cage=0
    T=  400  u_f=1.7907  cage=0
    T=  800  u_f=1.9832  cage=0
    T= 1500  u_f=2.0803  cage=0

  21a1:
    T=  100  u_f=1.8459  cage=0
    T=  200  u_f=2.0052  cage=0
    T=  400  u_f=2.1768  cage=0
    T=  800  u_f=2.2840  cage=0
    T= 1500  u_f=2.4277  cage=0

  26a1:
    T=  100  u_f=1.4747  cage=0
    T=  200  u_f=1.6879  cage=0
    T=  400  u_f=1.8002  cage=0
    T=  800  u_f=1.9444  cage=0
    T= 1500  u_f=2.0770  cage=0

  33a1:
    T=  100  u_f=1.3436  cage=0
    T=  200  u_f=1.5702  cage=0
    T=  400  u_f=1.7265  cage=0
    T=  800  u_f=1.8321  cage=0
    T= 1500  u_f=1.9549  cage=0

  35a1:
    T=  100  u_f=1.6187  cage=0
    T=  200  u_f=1.7300  cage=0
    T=  400  u_f=1.9329  cage=0
    T=  800  u_f=2.0046  cage=0
    T= 1500  u_f=2.1328  cage=0

  37a1:
    T=  100  u_f=0.7745  cage=0
    T=  200  u_f=0.8822  cage=0
    T=  400  u_f=1.0731  cage=0
    T=  800  u_f=1.1733  cage=0
    T= 1500  u_f=1.3308  cage=0

  38a1:
    T=  100  u_f=1.4356  cage=0
    T=  200  u_f=1.5652  cage=0
    T=  400  u_f=1.6948  cage=0
    T=  800  u_f=1.8230  cage=0
    T= 1500  u_f=1.9276  cage=0

  43a1:
    T=  100  u_f=0.7656  cage=1
    T=  200  u_f=0.8910  cage=0
    T=  400  u_f=1.0106  cage=0
    T=  800  u_f=1.1907  cage=0
    T= 1500  u_f=1.2944  cage=0

  53a1:
    T=  100  u_f=0.6946  cage=1
    T=  200  u_f=0.8607  cage=0
    T=  400  u_f=1.0271  cage=0
    T=  800  u_f=1.1557  cage=0
    T= 1500  u_f=1.2539  cage=0

  57a1:
    T=  100  u_f=0.8044  cage=0
    T=  200  u_f=0.9605  cage=0
    T=  400  u_f=1.1538  cage=0
    T=  800  u_f=1.2399  cage=0
    T= 1500  u_f=1.3806  cage=0

=== DONE ===
