  ***   Warning: new stack size = 4000000000 (3814.697 Mbytes).
  ***   Warning: new maximum stack size = 8000012288 (7629.406 Mbytes).
=== family_avg_finite_T_fix ===
Predicted asymptotic u_bar -> 2/(3 pi) = 0.212206590789193781025178351163
Cage [low, high] = [0.131525788773142922513527949690, 0.770352222080930646843480042754]

========== T = 1000 ==========
[11a1 T=1000] N=11 c_f=0.589365 #zeros+=1678 S_full=617763.2457 X=16.692 logX=2.8149 u_f=16.693844 (257.8s)
[14a1 T=1000] N=14 c_f=0.835962 #zeros+=1716 S_full=508119.5888 X=18.831 logX=2.9355 u_f=8.185286 (242.6s)
[15a1 T=1000] N=15 c_f=0.711646 #zeros+=1727 S_full=459530.3983 X=19.492 logX=2.9700 u_f=8.298688 (217.6s)
[17a1 T=1000] N=17 c_f=0.676071 #zeros+=1747 S_full=491535.0844 X=20.751 logX=3.0326 u_f=8.596026 (217.6s)
[19a1 T=1000] N=19 c_f=0.893154 #zeros+=1762 S_full=560689.3367 X=21.938 logX=3.0882 u_f=6.901807 (238.1s)
[21a1 T=1000] N=21 c_f=1.097630 #zeros+=1781 S_full=521353.2083 X=23.064 logX=3.1383 u_f=4.896877 (263.2s)
[26a1 T=1000] N=26 c_f=1.713018 #zeros+=1814 S_full=586019.3483 X=25.663 logX=3.2450 u_f=3.085070 (239.4s)
[33a1 T=1000] N=33 c_f=1.958725 #zeros+=1852 S_full=623385.6335 X=28.912 logX=3.3643 u_f=2.484437 (245.0s)
[35a1 T=1000] N=35 c_f=1.480094 #zeros+=1861 S_full=524655.5260 X=29.775 logX=3.3937 u_f=2.672417 (252.0s)
[37a1 T=1000] N=37 c_f=4.671600 #zeros+=1871 S_full=1304913.2563 X=30.614 logX=3.4215 u_f=2.038310 (296.6s)
[38a1 T=1000] N=38 c_f=2.171249 #zeros+=1875 S_full=584008.7221 X=31.025 logX=3.4348 u_f=1.932445 (265.0s)
[43a1 T=1000] N=43 c_f=4.745887 #zeros+=1895 S_full=1205836.7604 X=33.003 logX=3.4966 u_f=1.699758 (257.0s)
[53a1 T=1000] N=53 c_f=4.597500 #zeros+=1928 S_full=1003518.7241 X=36.640 logX=3.6011 u_f=1.297898 (268.5s)
[57a1 T=1000] N=57 c_f=6.784640 #zeros+=1940 S_full=1140915.9207 X=37.998 logX=3.6375 u_f=0.960511 (316.8s)

========== T = 5000 ==========
