  ***   Warning: new maximum stack size = 4000006144 (3814.703 Mbytes).

############ k=12 (Delta) ############

[wt12_L1]: 1 orbit(s)

--- wt12_L1 orb#1 | q=1 k=12 σ=k/2=6 ---
  c_f truncated: x=5k → 0.383852,  x=20k → 0.384009  (drift 0.041%)
    T  | N_f(T) | Σ|L'|^2          | pred             | u_f      | Y     | in_cage[0.1315, 0.7704]
     50 |   20 |       182.547252 |         4.713106 | 8.2192   | 1.037 | N
    100 |   59 |      1048.198577 |        29.867623 | 7.4474   | 1.384 | N
    200 |  159 |      4665.837144 |       146.061396 | 6.7788   | 1.730 | N
    400 |  404 |     18348.070337 |       606.364051 | 6.4212   | 2.077 | N

############ k=24 ############

[wt24_L1]: 1 orbit(s)
  orbit 1 has 2 embeddings

--- wt24_L1 orb#1 emb#1 | q=1 k=24 σ=k/2=12 ---
  *** lfunan: Warning: increasing stack size to 16000000.
  *** lfunan: Warning: increasing stack size to 32000000.
  c_f truncated: x=5k → 1.144806,  x=20k → 1.146508  (drift 0.148%)
    T  | N_f(T) | Σ|L'|^2          | pred             | u_f      | Y     | in_cage[0.1315, 0.7704]
     50 |   22 |       214.348328 |        14.071593 | 3.2325   | 1.037 | N
    100 |   49 | 627731799379429520005472183.071658 |        89.173678 | 1493813293836972528937101.5897   | 1.384 | N
    200 |   59 | 53557364039576045846050791557700272730977056888576123334169468595267104429264416600216312635607586130155595521092106421784862761335153625074738482575879427.850240 |       436.085318 | 26061931403258259874277019481440119617850989403252562000650698347617699274328270993064109221990534144430762149862875883388966693905996797963837113974233.4976   | 1.730 | N

--- wt24_L1 orb#1 emb#2 | q=1 k=24 σ=k/2=12 ---
  c_f truncated: x=5k → 0.960670,  x=20k → 0.957519  (drift -0.329%)
    T  | N_f(T) | Σ|L'|^2          | pred             | u_f      | Y     | in_cage[0.1315, 0.7704]
     50 |   23 |       237.226242 |        11.752046 | 4.2836   | 1.037 | N
    100 |   45 |    630240.778825 |        74.474379 | 1795.8021   | 1.384 | N
    200 |   59 | 7745764256611322172720376976245667231984061257505492832425834437494928316731079208665250513585096833729222791607141391232946776541173367503167644.762112 |       364.201457 | 4513167623443180432072742885903199268247186091939491023085334385684397514670653152194809858542770519153404521641329654975511117533045929213217.9968   | 1.730 | N

############ k=36 ############

[wt36_L1]: 1 orbit(s)
  orbit 1 has 3 embeddings

--- wt36_L1 orb#1 emb#1 | q=1 k=36 σ=k/2=18 ---
  *** lfunan: Warning: increasing stack size to 16000000.
  *** lfunan: Warning: increasing stack size to 32000000.
  c_f truncated: x=5k → 0.923010,  x=20k → 0.923027  (drift 0.002%)
    T  | N_f(T) | Σ|L'|^2          | pred             | u_f      | Y     | in_cage[0.1315, 0.7704]
     50 |   25 |       218.265002 |        11.328709 | 4.0885   | 1.037 | N
    100 |   55 |      7465.232307 |        71.791633 | 22.0662   | 1.384 | N
    200 |   62 | 2520687282932764051069041350402853662793776877000109104873855419979341532250280791716270689877518238882473841746409596.911616 |       351.082046 | 1523593876145395998000800138218163449542878964642679067805151062443036825073587238373132458357020600565491585804088.1152   | 1.730 | N

--- wt36_L1 orb#1 emb#2 | q=1 k=36 σ=k/2=18 ---
  c_f truncated: x=5k → 0.838012,  x=20k → 0.836337  (drift -0.200%)
    T  | N_f(T) | Σ|L'|^2          | pred             | u_f      | Y     | in_cage[0.1315, 0.7704]
     50 |   25 |       200.402347 |        10.264731 | 4.1430   | 1.037 | N
    100 |   53 |       765.729822 |        65.049055 | 2.4980   | 1.384 | N
    200 |   68 | 179468400802844985276923140849928353806266859825471941832312587029691018483660324198369034279001149852311568919428060067628594809909661389343.948800 |       318.108871 | 119721205586866839251189763803941058321307070201265576991304358200009105445094196484956265233427447963350773374276319035389712944879405052.7232   | 1.730 | N

--- wt36_L1 orb#1 emb#3 | q=1 k=36 σ=k/2=18 ---
  c_f truncated: x=5k → 1.578375,  x=20k → 1.569747  (drift -0.550%)
    T  | N_f(T) | Σ|L'|^2          | pred             | u_f      | Y     | in_cage[0.1315, 0.7704]
     50 |   25 |       257.708017 |        19.266182 | 2.8385   | 1.037 | N
    100 |   56 | 10766401608355.848461 |       122.092522 | 18712869020.0724   | 1.384 | N
    200 |   72 | 33520118816092868700357978777396791844513874754746270066386381156901441276293338832850368734282306241897323883281635829754967957228549545669590.777856 |       597.068079 | 11913532782230749929504791838472732050381329977748968972165703291102342192077288091369125430353165446200095597826926410279187183799811267415.2448   | 1.730 | N

############ k=2 level 11 (11a1 sanity) ############

[wt2_L11]: 1 orbit(s)

--- wt2_L11 orb#1 | q=11 k=2 σ=k/2=1 ---
  c_f truncated: x=5k → 0.590845,  x=20k → 0.588608  (drift -0.380%)
    T  | N_f(T) | Σ|L'|^2          | pred             | u_f      | Y     | in_cage[0.1315, 0.7704]
     50 |   36 |      1264.779740 |       156.119865 | 1.7192   | 2.236 | N
    100 |   94 |      5685.193094 |       555.660648 | 2.1712   | 2.583 | N
    200 |  233 |     19728.133990 |      1839.043284 | 2.2764   | 2.929 | N
    400 |  555 |     68127.956092 |      5752.854301 | 2.5130   | 3.276 | N

=== DONE ===
