  ***   Warning: new maximum stack size = 2000011264 (1907.359 Mbytes).

[wt 12 level 1]: 1 orbit(s) (expect 1: Δ)

=== Delta (k=12, q=1)  q=1  k=12 ===
  c_f (x=5000)  = 0.38385183
  c_f (x=20000) = 0.38400875
  c_f drift 5k->20k: 0.0409%
  ----- T  | N_f(T) |  Σ|L'(ρ,f)|^2  |  pred (a4*cf*T*Y^4) | ratio | dimless u_f | Y
  T=   50 | N=  20 | 2093103417197907546583.1010 |         4.7131 | 444102720202127225925.8855 | u_f=94241524214300634279.7754 | Y=1.037
  T=  100 | N=  59 | 33587206989118642463946429531.7167 |        29.8676 | 1124535656797390356658196990.8758 | u_f=238633877949861075370884579.1486 | Y=1.384
  T=  200 | N= 159 | 497109268670711945879807143894885316.5600 |       146.0614 | 3403426793068226545526800050642894.4550 | u_f=722229596757607251837632965742254.3001 | Y=1.730
  T=  400 | N= 404 | 7379535188507821734004053458368052814277089.6896 |       606.3641 | 12170139673697135406475431510876762501074.1248 | u_f=2582583849583580342065987830418417831863.9104 | Y=2.077

[wt 24 level 1]: 1 orbit(s) (expect 1 orbit of dim 2)
  orbit 1:

=== wt-24 L1 #1  q=1  k=24 ===
    SKIP (lfunmf failed: error("incorrect type in lfunmisc_to_ldata (t_VEC)."))

[wt 36 level 1]: 1 orbit(s)
  orbit 1:

=== wt-36 L1 #1  q=1  k=36 ===
    SKIP (lfunmf failed: error("incorrect type in lfunmisc_to_ldata (t_VEC)."))

[wt 2 level 11]: 1 orbit(s) (expect 1: 11a1)

=== 11a1 sanity (k=2, q=11)  q=11  k=2 ===
  c_f (x=5000)  = 0.59084486
  c_f (x=20000) = 0.58860790
  c_f drift 5k->20k: -0.3800%
  ----- T  | N_f(T) |  Σ|L'(ρ,f)|^2  |  pred (a4*cf*T*Y^4) | ratio | dimless u_f | Y
  T=   50 | N=  36 |    437369.5657 |       156.1199 | 2801.4985 | u_f=594.4964 | Y=2.236
  T=  100 | N=  94 |   7174894.4337 |       555.6606 | 12912.3674 | u_f=2740.0895 | Y=2.583
  T=  200 | N= 233 |  96482458.3424 |      1839.0433 | 52463.3972 | u_f=11133.0787 | Y=2.929
  T=  400 | N= 555 | 1263825167.2859 |      5752.8543 | 219686.6288 | u_f=46618.9505 | Y=3.276

=== DONE ===
