
weight 12 level 1: 1 newform(s) (expect 1: Δ)

=== Δ (k=12, q=1)  q=1 ===
  c_f (x=5000)  = 1544731841715858609643566150388901409311.046200
  c_f (x=20000) = 6579417717419328494015439664145498858388443846.266950
  T=   50  N_f(T)=  20  Σ|L'(ρ,f)|^2 = 2093103417197907546583.100984   pred = 80752056644504139803404291492596267178178393214.550016   ratio = 0.0000   Y = 1.037
  T=  100  N_f(T)=  59  Σ|L'(ρ,f)|^2 = 33587206989118642463946429531.716733   pred = 511737212010538397147615697109163644822934714239.156224   ratio = 0.0000   Y = 1.384
  T=  200  N_f(T)= 159  Σ|L'(ρ,f)|^2 = 497109268670711945879807143894885316.560896   pred = 2502544367678041040002133857356274639456679582349.918208   ratio = 0.0000   Y = 1.730
  T=  400  N_f(T)= 404  Σ|L'(ρ,f)|^2 = 7379535188507821734004053458368052814266352.271360   pred = 10389144433685438645634607619223737767369210857521.152000   ratio = 0.0000   Y = 2.077

weight 24 level 1: 1 newform(s)

=== wt-24 L1 newform #1  q=1 ===
  ***   at top-level: ...(i=1,#B,L=lfunmf(M,B[i]);run_test(L,1,[50,100,
  ***                                             ^---------------------
  ***   in function run_test: ...abel," q=",q," ===");cf=compute_cf(L,5000);cf
  ***                                                    ^---------------------
  ***   in function compute_cf: my(an,S);an=lfunan(L,x_lim);S=sum(n=1,x_lim,ab
  ***                                       ^----------------------------------
  *** lfunan: incorrect type in lfunmisc_to_ldata (t_VEC).
... skipping file 'G8_reanchor_sigma_half.gp'

weight 2 level 11: 1 newform(s)

=== wt-2 L11 newform #1  q=11 ===
  c_f (x=5000)  = 1478.750200
  c_f (x=20000) = 5880.093100
  T=   50  N_f(T)=  36  Σ|L'(ρ,f)|^2 = 437369.565656   pred = 1559610.968039   ratio = 0.2804   Y = 2.236
  T=  100  N_f(T)=  94  Σ|L'(ρ,f)|^2 = 7174894.433664   pred = 5550955.598128   ratio = 1.2926   Y = 2.583
  T=  200  N_f(T)= 233  Σ|L'(ρ,f)|^2 = 96482458.342384   pred = 18371730.398617   ratio = 5.2517   Y = 2.929
