  ***   Warning: new stack size = 2000000000 (1907.349 Mbytes).
  ***   Warning: new maximum stack size = 8000012288 (7629.406 Mbytes).
=========================================================
M4: Level-1 k=16,18,20,22,26 numerical Theorem B test
=========================================================

=== level=1, k=16  T_max=200 ===
  #newforms in S_16^new(SL2Z): 1
  Zeros found up to T=200: 160; using 60
  U                  = 1277.512599206813038
  T                  = 99.31269949033007638
  c_f (Euler, P=3000)= 0.6146938791955152240
  log T              = 4.598273453008121323
  log X              = 4.839837928278611767
  log Can            = 9.679675856557223534
  u_norm (log T)^4   = 0.04680824281568232762
  u_norm (log X)^4   = 0.03813978510563056599
  u_norm * zeta(2)   = 0.07699647321681960874
  [target 2/(3*pi)   = 0.2122065907891937810]

=== level=1, k=18  T_max=200 ===
  #newforms in S_18^new(SL2Z): 1
  Zeros found up to T=200: 162; using 60
  U                  = 1244.445900626442860
  T                  = 98.46941408000363808
  c_f (Euler, P=3000)= 0.7554831005227490692
  log T              = 4.589745983003393544
  log X              = 4.949093493930267443
  log Can            = 9.898186987860534886
  u_norm (log T)^4   = 0.03769600375345674640
  u_norm (log X)^4   = 0.02788349963962722110
  u_norm * zeta(2)   = 0.06200744075809961436
  [target 2/(3*pi)   = 0.2122065907891937810]

=== level=1, k=20  T_max=200 ===
  #newforms in S_20^new(SL2Z): 1
  Zeros found up to T=200: 162; using 60
  U                  = 1057.849707077694927
  T                  = 98.82306449244816433
  c_f (Euler, P=3000)= 0.6270275477424551744
  log T              = 4.593331023789319043
  log X              = 5.058039050374019244
  log Can            = 10.11607810074803849
  u_norm (log T)^4   = 0.03835023711767916334
  u_norm (log X)^4   = 0.02608256627416574143
  u_norm * zeta(2)   = 0.06308361150657779160
  [target 2/(3*pi)   = 0.2122065907891937810]

=== level=1, k=22  T_max=200 ===
  #newforms in S_22^new(SL2Z): 1
  Zeros found up to T=200: 162; using 60
  U                  = 975.4124006985081384
  T                  = 97.10480893286474380
  c_f (Euler, P=3000)= 0.5729751294190041490
  log T              = 4.575790899641111404
  log X              = 5.135809106030136465
  log Can            = 10.27161821206027293
  u_norm (log T)^4   = 0.03998960203716427505
  u_norm (log X)^4   = 0.02519859179685128818
  u_norm * zeta(2)   = 0.06578025871063475170
  [target 2/(3*pi)   = 0.2122065907891937810]

=== level=1, k=26  T_max=200 ===
  #newforms in S_26^new(SL2Z): 1
  Zeros found up to T=200: 163; using 60
  U                  = 893.9579965655438530
  T                  = 96.15347337591438074
  c_f (Euler, P=3000)= 0.4799073121391098445
  log T              = 4.565945595936804472
  log X              = 5.293017886988995725
  log Can            = 10.58603577397799145
  u_norm (log T)^4   = 0.04457299733928112116
  u_norm (log X)^4   = 0.02468205540782064073
  u_norm * zeta(2)   = 0.07331964178491887085
  [target 2/(3*pi)   = 0.2122065907891937810]

DONE
