  ***   Warning: new stack size = 256000000 (244.141 Mbytes).
Computing zeta zeros up to T=250...
  obtained 108 zeros, gamma_1=14.134725141734693790457251983562470270784257115699
  gamma_{end}=249.57368964470720919232979418873997034261113068267
Computing zeta'(rho_k) at each zero...
Computing M_W(rho_k) = (1/2)*Gamma(rho_k/2) at each zero...

=== Smoothed Mobius identity verification ===
Identity: LHS(N) = R0 + Zsum(N) + tail(N), R0 = -2
Using 108 zeros

    N |       LHS(N)          |     LHS(N)-R0         |     Zsum(N)           |  |residual|
------|-----------------------|-----------------------|-----------------------|------------
   11 |     -1.57421973488574 |      0.42578026511426 |     -0.00007145161606 | 4.2585 e-1
   14 |     -1.69874504637129 |      0.30125495362871 |      0.00009755744867 | 3.0116 e-1
   17 |     -1.77460218298375 |      0.22539781701625 |     -0.00007752858307 | 2.2548 e-1
   19 |     -1.80977235686264 |      0.19022764313736 |     -0.00009734747376 | 1.9032 e-1
   21 |     -1.83686445099439 |      0.16313554900561 |      0.00006889242882 | 1.6307 e-1
   50 |     -1.95992896340137 |      0.04007103659863 |      0.00004848758464 | 4.0023 e-2
  100 |     -1.98789328183758 |      0.01210671816242 |     -0.00016827034378 | 1.2275 e-2
  300 |     -1.99802430182401 |      0.00197569817599 |      0.00021119269545 | 1.7645 e-3
 1000 |     -2.00071499126060 |     -0.00071499126060 |     -0.00091333449318 | 1.9834 e-4
 3000 |     -1.99836708689675 |      0.00163291310325 |      0.00160686600330 | 2.6047 e-5
10000 |     -2.00076992275058 |     -0.00076992275058 |     -0.00077266240248 | 2.7397 e-6

=== Squarefree-only counter-check at N=11 ===
  full=-1.57421973488574, squarefree-only=-1.57421973488574, diff=0.e-57

=== Zero-count sensitivity at N=10000 ===
  LHS(N=10000) - R0 = -0.00076992275058
  K=  10 zeros: Zsum=-0.00077266240248, residual=2.7397 e-6
  K=  25 zeros: Zsum=-0.00077266240248, residual=2.7397 e-6
  K=  50 zeros: Zsum=-0.00077266240248, residual=2.7397 e-6
  K= 100 zeros: Zsum=-0.00077266240248, residual=2.7397 e-6
  K= 108 zeros: Zsum=-0.00077266240248, residual=2.7397 e-6

=== Tail-decay check at K=NUM_ZEROS ===
  N=   100: LHS-R0=0.0121067182, Zsum=-0.0001682703, residual=1.2275 e-2
  N=  1000: LHS-R0=-0.0007149913, Zsum=-0.0009133345, residual=1.9834 e-4
  N= 10000: LHS-R0=-0.0007699228, Zsum=-0.0007726624, residual=2.7397 e-6
  N=100000: LHS-R0=0.0070150539, Zsum=0.0070150189, residual=3.4959 e-8

=== Done ===
