# PARI L2 push: B_infty identity residual at K = 10^7 for chi_5 and chi_11
# realprecision = 57
# K = 10000000

=== chi_5 ===
  rho = 1/2 + 6.1835781954508539144000000000000000000000000000000*I
  (1/2) log L(2 rho, psi) = -0.014750847932061992256582465411081317263776948737332 + 0.43653682630088633145804330820066459509491365952978*I
  BPC_1 (no bad primes)   = 0.E-57
  BPC_2                   = 0.044358183817325317898238991918982243728224079426445 - 0.045582019457760694910276499210644489499981456813625*I
  T_{>=3}                 = 0.034330728061379509397548660818837680160982016018187 - 0.093302477110305450593696939882259255163098036211268*I
  RHS                     = 0.063938063946642835039205187326738606625429146707299 + 0.29765232973282018595406986910776085043183416650489*I
  T_K at K=10000000        = 0.063587909615064386002991596988678355301187001708842 + 0.29802594795096430734303245781822330671164881246356*I
  T_K computation time    = 6.6900000000000000000000000000000000000000000000000 s
  T_K - RHS               = -0.00035015433157844903621359033806025132424214499845667 + 0.00037361821814412138896258871046245627981464595867106*I
  |T_K - RHS|             = 0.00051205334570954490442555727475969144231185153401736
  predicted O(K^{-1/2} / log K) = 1.9619424829386482152700147969860948545750668140201 E-5

=== chi_11 ===
  rho = 1/2 + 3.5470410917194500767000000000000000000000000000000*I
  (1/2) log L(2 rho, psi) = -0.23770940299674810893703007374745554730497688904218 + 0.32921324719952993940113035971527486449801577463832*I
  BPC_1 (no bad primes)   = 0.E-57
  BPC_2                   = -0.033310411558033518897646090680664556988172325557051 + 0.063477270500989214222098095264461811835992001046988*I
  T_{>=3}                 = 0.026616471244740231339573832150793547855597147753157 - 0.031980881885887330399445217416563099552067589428646*I
  RHS                     = -0.24440334331004139649510233227732655643755206684608 + 0.36070963581463182322378323756317357678194018625667*I
  T_K at K=10000000        = -0.24401955471839956057053792091770206972231019261405 + 0.36120958768036010885227313319438718140016803893174*I
  T_K computation time    = 7.4950000000000000000000000000000000000000000000000 s
  T_K - RHS               = 0.00038378859164183592456441135962448671524187423202234 + 0.00049995186572828562848989563121360461822785267507669*I
  |T_K - RHS|             = 0.00063027418725473569377942761513698837794911545244426
  predicted O(K^{-1/2} / log K) = 1.9619424829386482152700147969860948545750668140201 E-5

# done
