start 14:26:19
# PARI B_infty closed-form methodology (matches mpmath)
# realprecision = 57
# K_low = 2000000   K_high = 100000000
# Component truncation: p ≤ 10^6 (absolutely convergent)

====== chi_-4 / z1 ======
  (1/2) log L(2 rho, psi) = 0.044763611227348472813906499473454156178130517599978 - 0.25019235693473568091715971356055303913368987812622*I
  BPC_1                   = 0.13603376921470349212000705445526140142294648263789 + 0.17110720082787184072437304940176556022653411727702*I
  BPC_2 (closed-form)     = -0.0051400428307202635348419421781380597319014810389380 + 0.045594624354872713357642713148942417005108195467667*I
  T_{>=3} (closed-form)   = -0.045482440085780121616827482870446799533196664683279 + 0.025360384778105922238773460539353639010533408782210*I
  RHS                     = 0.13017489752555157978224412888013069833597885451565 - 0.0081301469738852045963704904704914228915141565993271*I
  T_K at K=2000000       = 0.12749755238697511900560719405541830091807912407380 - 0.0071530069158922665692031359402844807517876891956201*I
  |T_K - RHS| at K=2000000 = 0.0028500841538441369767313009781882172823932570788350
  T_K at K=100000000       = 0.13230429684285106031187115673265713505529965222317 - 0.0088658169399307671071779322258380548209329942885935*I
  |T_K - RHS| at K=100000000 = 0.0022528985222279704041365932837341925102727336651661
  ratio low/high          = 1.2650743589753828529755861157603991424159320217567  (predicted sqrt(K_high/K_low) = 7.0710678118654752440084436210484903928483593768847)

====== chi_-4 / z2 ======
  (1/2) log L(2 rho, psi) = -0.22724916808509092132921838354643079234910658203349 - 0.36256899793244730806231362776186452477348324653369*I
  BPC_1                   = 0.068206371182959416469872558698941518548862405686285 + 0.22521687746183509246158429153465464205897089047819*I
  BPC_2 (closed-form)     = 0.00050160266542713092596241939270671759147335384674138 + 0.011122014346198564965906178267013003347305221418182*I
  T_{>=3} (closed-form)   = 0.075231358195318439907307223176078666711394706423248 + 0.043387651930079048751226387595401904312352224747987*I
  RHS                     = -0.083309836041385934026076182278703889497376116077210 - 0.082842454194334601883596770364794975054854909889329*I
  T_K at K=2000000       = -0.081753601119357659498129605739328142666415311039417 - 0.083414806232969209795437699340542802618223984382702*I
  |T_K - RHS| at K=2000000 = 0.0016581477583947521675510754334492088263420894626102
  T_K at K=100000000       = -0.082795081655648694959198913666799115653704435409771 - 0.081624977372524719225016975394306903240134498954392*I
  |T_K - RHS| at K=100000000 = 0.0013218252113195659127640847555307007684611450201376
  ratio low/high          = 1.2544379878633412953973268540823097952957778448406  (predicted sqrt(K_high/K_low) = 7.0710678118654752440084436210484903928483593768847)

====== chi_5 ======
  (1/2) log L(2 rho, psi) = -0.014750847932061992256582465411081317263776948737332 + 0.43653682630088633145804330820066459509491365952978*I
  BPC_1                   = 0.E-57
  BPC_2 (closed-form)     = 0.044355027240733444185733825619869228239067850079682 - 0.045576902452012331733569080034545224787104933372729*I
  T_{>=3} (closed-form)   = 0.033979071536973875354299151693002832519360106296969 - 0.092922665784070979713908047294333035000698509080133*I
  RHS                     = 0.063583250845645327283450511901790743494651007639319 + 0.29803725806480302001056618087178633530711021707692*I
  T_K at K=2000000       = 0.063621172538263689815577477538640612188326175876065 + 0.29801835533524559786506170942471683427148363162195*I
  |T_K - RHS| at K=2000000 = 4.2371782541717691801239177073232104123815768543718 E-5
  T_K at K=100000000       = 0.063582312306015055601902991137322217299084738429476 + 0.29803409819326567489045681824326585075551152286346*I
  |T_K - RHS| at K=100000000 = 3.2963077480894161026926435303988438843851814553911 E-6
  ratio low/high          = 12.854316338114043389223816559925760798948831268554  (predicted sqrt(K_high/K_low) = 7.0710678118654752440084436210484903928483593768847)

====== chi_11 ======
  (1/2) log L(2 rho, psi) = -0.23770940299674810893703007374745554730497688904218 + 0.32921324719952993940113035971527486449801577463832*I
  BPC_1                   = 0.E-57
  BPC_2 (closed-form)     = -0.033307252084948542351409252643355529378709689805997 + 0.063476308052977076606449384133794823772824984450659*I
  T_{>=3} (closed-form)   = 0.026980844244378849307434474914769161917395417291554 - 0.031473432784916850582140473608905881970234192912422*I
  RHS                     = -0.24403581083731780198100485147604191476629116155663 + 0.36121612246759016542543927024016380630060656617656*I
  T_K at K=2000000       = -0.24400465419562938885555280043558951681614355473170 + 0.36122808005634047485657575425387898291316061533479*I
  |T_K - RHS| at K=2000000 = 3.3372447468258742556315288145975566752791926765488 E-5
  T_K at K=100000000       = -0.24403335134962123686268016761696024160392880307794 + 0.36121284043139138263673206620879107914495210520433*I
  |T_K - RHS| at K=100000000 = 4.1013219014941717323195535311845612896736882864196 E-6
  ratio low/high          = 8.1369978435734757597306947320188825213746828589237  (predicted sqrt(K_high/K_low) = 7.0710678118654752440084436210484903928483593768847)

# done
end 14:30:25
