# PARI L2 push: B_infty identity residual at K = 10^7 for chi_5 and chi_11
# realprecision = 57
# K = 10000000

=== chi_5 ===
  rho = 1/2 + 6.1835781954508539144000000000000000000000000000000*I
  (1/2) log L(2 rho, psi) = -0.014750847932061992256582465411081317263776948737332 + 0.43653682630088633145804330820066459509491365952978*I
  BPC_1 (no bad primes)   = 0.E-57
  BPC_2                   = 0.044358184288352522892833844999856104391071894273308 - 0.045582019935505146115283009751186789745370923540646*I
  T_{>=3}                 = 0.034330735228144816052478798187884497872660880820702 - 0.093302467290472427355339355573042273943628237143599*I
  RHS                     = 0.063938071584435346688730177776659284999955826356678 + 0.29765233907490875798742094287643553140591449884554*I
  T_K at K=10000000        = 0.063587909615064386002991596988678355301187001708842 + 0.29802594795096430734303245781822330671164881246356*I
  T_K computation time    = 6.7440000000000000000000000000000000000000000000000 s
  T_K - RHS               = -0.00035016196937096068573858078798092969876882464783555 + 0.00037360887605554935561151494178777530573431361802328*I
  |T_K - RHS|             = 0.00051205175232708700305200769022460901050426361447510
  predicted O(K^{-1/2} / log K) = 1.9619424829386482152700147969860948545750668140201 E-5

=== chi_11 ===
  rho = 1/2 + 3.5470410917194500767000000000000000000000000000000*I
  (1/2) log L(2 rho, psi) = -0.23770940299674810893703007374745554730497688904218 + 0.32921324719952993940113035971527486449801577463832*I
  BPC_1 (no bad primes)   = 0.E-57
  BPC_2                   = -0.033310411564978926232055971104107731889586267962086 + 0.063477270506343290429402573877168468355302911621337*I
  T_{>=3}                 = 0.026616507585507166451574729980756370333977014931584 - 0.031980915783126443285054192997755634883582342246026*I
  RHS                     = -0.24440330697621986871751131487080690886058614207269 + 0.36070960192274678654547874059468769796973634401364*I
  T_K at K=10000000        = -0.24401955471839956057053792091770206972231019261405 + 0.36120958768036010885227313319438718140016803893174*I
  T_K computation time    = 8.2800000000000000000000000000000000000000000000000 s
  T_K - RHS               = 0.00038375225782030814697339395310483913827594945863111 + 0.00049998575761332230679439259969948343043169491810815*I
  |T_K - RHS|             = 0.00063027894871901928406174334787556089138307217770916
  predicted O(K^{-1/2} / log K) = 1.9619424829386482152700147969860948545750668140201 E-5

# done
