# PARI B_infty closed-form methodology (matches mpmath)
# realprecision = 57
# K_low = 2000000   K_high = 10000000
# Component truncation: p ≤ 10^6 (absolutely convergent)

====== chi_-4 / z1 ======
  (1/2) log L(2 rho, psi) = 0.044763611227348472813906499473454156178130517599978 - 0.25019235693473568091715971356055303913368987812622*I
  BPC_1                   = 0.13603376921470349212000705445526140142294648263789 + 0.17110720082787184072437304940176556022653411727702*I
  BPC_2 (closed-form)     = -0.0051400428307202635348419421781380597319014810389380 + 0.045594624354872713357642713148942417005108195467667*I
  T_{>=3} (closed-form)   = -0.045482440085780121616827482870446799533196664683279 + 0.025360384778105922238773460539353639010533408782210*I
  RHS                     = 0.13017489752555157978224412888013069833597885451565 - 0.0081301469738852045963704904704914228915141565993271*I
  T_K at K=2000000       = 0.12749755238697511900560719405541830091807912407380 - 0.0071530069158922665692031359402844807517876891956201*I
  |T_K - RHS| at K=2000000 = 0.0028500841538441369767313009781882172823932570788350
  T_K at K=10000000       = 0.12852509780242312404785746858163393679151992616622 - 0.0061493658812566980732430872995473976368255902173094*I
  |T_K - RHS| at K=10000000 = 0.0025778543138333689275002886563107297836664182364501
  ratio low/high          = 1.1056032680163184873604327105810943419747434765532  (predicted sqrt(K_high/K_low) = 2.2360679774997896964091736687312762354406183596115)

====== chi_-4 / z2 ======
  (1/2) log L(2 rho, psi) = -0.22724916808509092132921838354643079234910658203349 - 0.36256899793244730806231362776186452477348324653369*I
  BPC_1                   = 0.068206371182959416469872558698941518548862405686285 + 0.22521687746183509246158429153465464205897089047819*I
  BPC_2 (closed-form)     = 0.00050160266542713092596241939270671759147335384674138 + 0.011122014346198564965906178267013003347305221418182*I
  T_{>=3} (closed-form)   = 0.075231358195318439907307223176078666711394706423248 + 0.043387651930079048751226387595401904312352224747987*I
  RHS                     = -0.083309836041385934026076182278703889497376116077210 - 0.082842454194334601883596770364794975054854909889329*I
  T_K at K=2000000       = -0.081753601119357659498129605739328142666415311039417 - 0.083414806232969209795437699340542802618223984382702*I
  |T_K - RHS| at K=2000000 = 0.0016581477583947521675510754334492088263420894626102
  T_K at K=10000000       = -0.083838760503350332302107851575424571900906560101374 - 0.084267363412517717112733188390234053802448699259693*I
  |T_K - RHS| at K=10000000 = 0.0015199103152908545473826483984079182482545094242448
  ratio low/high          = 1.0909510526464478220986144356530562617367217744770  (predicted sqrt(K_high/K_low) = 2.2360679774997896964091736687312762354406183596115)

====== chi_5 ======
  (1/2) log L(2 rho, psi) = -0.014750847932061992256582465411081317263776948737332 + 0.43653682630088633145804330820066459509491365952978*I
  BPC_1                   = 0.E-57
  BPC_2 (closed-form)     = 0.044355027240733444185733825619869228239067850079682 - 0.045576902452012331733569080034545224787104933372729*I
  T_{>=3} (closed-form)   = 0.033979071536973875354299151693002832519360106296969 - 0.092922665784070979713908047294333035000698509080133*I
  RHS                     = 0.063583250845645327283450511901790743494651007639319 + 0.29803725806480302001056618087178633530711021707692*I
  T_K at K=2000000       = 0.063621172538263689815577477538640612188326175876065 + 0.29801835533524559786506170942471683427148363162195*I
  |T_K - RHS| at K=2000000 = 4.2371782541717691801239177073232104123815768543718 E-5
  T_K at K=10000000       = 0.063587909615064386002991596988678355301187001708842 + 0.29802594795096430734303245781822330671164881246356*I
  |T_K - RHS| at K=10000000 = 1.2232040203686239980908568754738752880284141687157 E-5
  ratio low/high          = 3.4639996138132834072069849563588942633203915358182  (predicted sqrt(K_high/K_low) = 2.2360679774997896964091736687312762354406183596115)

====== chi_11 ======
  (1/2) log L(2 rho, psi) = -0.23770940299674810893703007374745554730497688904218 + 0.32921324719952993940113035971527486449801577463832*I
  BPC_1                   = 0.E-57
  BPC_2 (closed-form)     = -0.033307252084948542351409252643355529378709689805997 + 0.063476308052977076606449384133794823772824984450659*I
  T_{>=3} (closed-form)   = 0.026980844244378849307434474914769161917395417291554 - 0.031473432784916850582140473608905881970234192912422*I
  RHS                     = -0.24403581083731780198100485147604191476629116155663 + 0.36121612246759016542543927024016380630060656617656*I
  T_K at K=2000000       = -0.24400465419562938885555280043558951681614355473170 + 0.36122808005634047485657575425387898291316061533479*I
  |T_K - RHS| at K=2000000 = 3.3372447468258742556315288145975566752791926765488 E-5
  T_K at K=10000000       = -0.24401955471839956057053792091770206972231019261405 + 0.36120958768036010885227313319438718140016803893174*I
  |T_K - RHS| at K=10000000 = 1.7520412278999508330841421613508906845802561354024 E-5
  ratio low/high          = 1.9047752379811266812001614583933285307709053848210  (predicted sqrt(K_high/K_low) = 2.2360679774997896964091736687312762354406183596115)

# done
