# PARI L2 push to K = 10^7
# realprecision = 57
# K = 10000000

=== chi_-4/z1 ===
  rho = 0.50000000000000000000000000000000000000000000000000 + 6.0209489046975966549025115216120858688640339630062*I
  L' = 1.2964995755658179075138426642569031644878112784316 + 0.18276509586123732902187032319252704733987744095089*I    (|L'| = 1.3093182308772429404129483020730278342554125546705)
  L'' = -1.6970496810781993561214978450811417401443043782005 - 0.55401707127770436971632304318377047703192898020513*I    (|L''| = 1.7851925765347398816278607278605483808395207727955)
  C_1 = 0.52034518660828454592057736244678518545484208956928 + 0.018459323466602047348540758049036270587907795811266*I    (|C_1| = 0.52067250729153648272771851124156942777264155850154)
  c_K computation took 33.550000000000000000000000000000000000000000000000 s
  c_K at K=10000000 = 12.591213135963177202508991347340420501045282278405 - 1.6724685447474284056638165484899948547539411258940*I
  R(K) = c_K - log K/L' - C_1 = -0.11890671871285399725770544772602969417713928875579 + 0.027441638204049106847249863367669056836638558683167*I
  |R(K)| at K=10000000 = 0.12203217306259735065407318934800783416855553639323
  log(K)/sqrt(K) predicted scale = 0.0050969893801482606435929226995634920312608920684403

=== chi_-4/z2 ===
  rho = 0.50000000000000000000000000000000000000000000000000 + 10.243770304166554552137757479109959024864152447675*I
  L' = 1.7884670315788848460746340759554412951065494552248 - 0.29677590944832697082518347164267491289219811534025*I    (|L'| = 1.8129231267413048959248253362812461246803201484696)
  L'' = -3.3197674600483634613414275684485949710173671283227 + 0.75554793023939668258778477550998808715500109425540*I    (|L''| = 3.4046598455183446896110678309169348170891064057305)
  C_1 = 0.51508847715586214234382218753197137656490191866814 + 0.054336929667857789407922333552881021396832557249053*I    (|C_1| = 0.51794656213211304612043818813346913981393161642517)
  c_K computation took 33.618000000000000000000000000000000000000000000000 s
  c_K at K=10000000 = 9.0038768523609304828549274986667792078633689631367 + 1.6063560033039548584213277419731730282196851430001*I
  R(K) = c_K - log K/L' - C_1 = -0.28194460317698543948951557833054741683724902346631 + 0.096614970441725057295247571101707537027081904930027*I
  |R(K)| at K=10000000 = 0.29803894338506032640025611066686481028119882898176
  log(K)/sqrt(K) predicted scale = 0.0050969893801482606435929226995634920312608920684403

=== chi_5 ===
  rho = 0.50000000000000000000000000000000000000000000000000 + 6.1835781954508539143775173097086925259215005792280*I
  L' = 1.1129301656040604572962804268525767441247241226642 - 0.44883016541825469049546595300458057318475563300187*I    (|L'| = 1.2000258625966605820098065776646745083950213766485)
  L'' = -1.6429734994854479460786256739095368717550446588268 + 1.0351066078763527904681537958451980411822299911441*I    (|L''| = 1.9418567428316510081584797108153556402778874929145)
  C_1 = 0.66018146215063300657054158233229925572121864047743 + 0.13690196822333601523100448340162377046502618523174*I    (|C_1| = 0.67422675107916845774449114550705186432583782826155)
  c_K computation took 47.888000000000000000000000000000000000000000000000 s
  c_K at K=10000000 = 12.769054244040801944133890926206315421460921153509 + 5.2600113924363556476210323965969300184857700065259*I
  R(K) = c_K - log K/L' - C_1 = -0.34775337646803427702775147394665746779799374966895 + 0.099515175444754682712464746521587018378349507713954*I
  |R(K)| at K=10000000 = 0.36171215211645665889591277574365447695544729350174
  log(K)/sqrt(K) predicted scale = 0.0050969893801482606435929226995634920312608920684403

=== chi_11 ===
  rho = 0.50000000000000000000000000000000000000000000000000 + 3.5470410917194500766644763717656738615629702742757*I
  L' = 1.6965824400174770917242004357003292090189643166374 - 0.25098804897062705285591746321846672138313696381932*I    (|L'| = 1.7150472228197502718027569504246253948558693828973)
  L'' = -3.1215982944829267338272592841359001244823877586141 + 0.26121879066654744619449735073973128494984911712677*I    (|L''| = 3.1325087659440013941055529409740843937190211199085)
  C_1 = 0.52076147121793605626750092457978974748084877573664 + 0.11113668974776160894324059964427670402622833271776*I    (|C_1| = 0.53248837894658270547339432301677966295449623947598)
  c_K computation took 57.963000000000000000000000000000000000000000000000 s
  c_K at K=10000000 = 9.7303258663981281329804577390994200253279447960903 + 1.3467049439749085664982761201939247362940228921357*I
  R(K) = c_K - log K/L' - C_1 = -0.087300745788379397846987299668176006109021876191328 - 0.13978609828560108323771052311058696841437106410240*I
  |R(K)| at K=10000000 = 0.16480768637754420364443052577687516214912243241159
  log(K)/sqrt(K) predicted scale = 0.0050969893801482606435929226995634920312608920684403

# done
